17:38:41 **** Build of project test_edge_detection_bsp ****
make -k all 
Running Make include in ps7_cortexa9_0/libsrc/axidma_v9_3/src
make -C ps7_cortexa9_0/libsrc/axidma_v9_3/src -s include  "SHELL=/bin/sh" "COMPILER=arm-none-eabi-gcc" "ARCHIVER=arm-none-eabi-ar" "COMPILER_FLAGS=  -O2 -c" "EXTRA_COMPILER_FLAGS=-mcpu=cortex-a9 -mfpu=vfpv3 -mfloat-abi=hard -nostartfiles"
Running Make include in ps7_cortexa9_0/libsrc/coresightps_dcc_v1_3/src
make -C ps7_cortexa9_0/libsrc/coresightps_dcc_v1_3/src -s include  "SHELL=/bin/sh" "COMPILER=arm-none-eabi-gcc" "ARCHIVER=arm-none-eabi-ar" "COMPILER_FLAGS=  -O2 -c" "EXTRA_COMPILER_FLAGS=-mcpu=cortex-a9 -mfpu=vfpv3 -mfloat-abi=hard -nostartfiles"
Running Make include in ps7_cortexa9_0/libsrc/cpu_cortexa9_v2_3/src
make -C ps7_cortexa9_0/libsrc/cpu_cortexa9_v2_3/src -s include  "SHELL=/bin/sh" "COMPILER=arm-none-eabi-gcc" "ARCHIVER=arm-none-eabi-ar" "COMPILER_FLAGS=  -O2 -c" "EXTRA_COMPILER_FLAGS=-mcpu=cortex-a9 -mfpu=vfpv3 -mfloat-abi=hard -nostartfiles"
Running Make include in ps7_cortexa9_0/libsrc/ddrps_v1_0/src
make -C ps7_cortexa9_0/libsrc/ddrps_v1_0/src -s include  "SHELL=/bin/sh" "COMPILER=arm-none-eabi-gcc" "ARCHIVER=arm-none-eabi-ar" "COMPILER_FLAGS=  -O2 -c" "EXTRA_COMPILER_FLAGS=-mcpu=cortex-a9 -mfpu=vfpv3 -mfloat-abi=hard -nostartfiles"
Running Make include in ps7_cortexa9_0/libsrc/devcfg_v3_4/src
make -C ps7_cortexa9_0/libsrc/devcfg_v3_4/src -s include  "SHELL=/bin/sh" "COMPILER=arm-none-eabi-gcc" "ARCHIVER=arm-none-eabi-ar" "COMPILER_FLAGS=  -O2 -c" "EXTRA_COMPILER_FLAGS=-mcpu=cortex-a9 -mfpu=vfpv3 -mfloat-abi=hard -nostartfiles"
Running Make include in ps7_cortexa9_0/libsrc/dmaps_v2_3/src
make -C ps7_cortexa9_0/libsrc/dmaps_v2_3/src -s include  "SHELL=/bin/sh" "COMPILER=arm-none-eabi-gcc" "ARCHIVER=arm-none-eabi-ar" "COMPILER_FLAGS=  -O2 -c" "EXTRA_COMPILER_FLAGS=-mcpu=cortex-a9 -mfpu=vfpv3 -mfloat-abi=hard -nostartfiles"
Running Make include in ps7_cortexa9_0/libsrc/edge_detect_v1_0/src
make -C ps7_cortexa9_0/libsrc/edge_detect_v1_0/src -s include  "SHELL=/bin/sh" "COMPILER=arm-none-eabi-gcc" "ARCHIVER=arm-none-eabi-ar" "COMPILER_FLAGS=  -O2 -c" "EXTRA_COMPILER_FLAGS=-mcpu=cortex-a9 -mfpu=vfpv3 -mfloat-abi=hard -nostartfiles"
Running Make include in ps7_cortexa9_0/libsrc/emacps_v3_3/src
make -C ps7_cortexa9_0/libsrc/emacps_v3_3/src -s include  "SHELL=/bin/sh" "COMPILER=arm-none-eabi-gcc" "ARCHIVER=arm-none-eabi-ar" "COMPILER_FLAGS=  -O2 -c" "EXTRA_COMPILER_FLAGS=-mcpu=cortex-a9 -mfpu=vfpv3 -mfloat-abi=hard -nostartfiles"
Running Make include in ps7_cortexa9_0/libsrc/gpiops_v3_1/src
make -C ps7_cortexa9_0/libsrc/gpiops_v3_1/src -s include  "SHELL=/bin/sh" "COMPILER=arm-none-eabi-gcc" "ARCHIVER=arm-none-eabi-ar" "COMPILER_FLAGS=  -O2 -c" "EXTRA_COMPILER_FLAGS=-mcpu=cortex-a9 -mfpu=vfpv3 -mfloat-abi=hard -nostartfiles"
Running Make include in ps7_cortexa9_0/libsrc/qspips_v3_3/src
make -C ps7_cortexa9_0/libsrc/qspips_v3_3/src -s include  "SHELL=/bin/sh" "COMPILER=arm-none-eabi-gcc" "ARCHIVER=arm-none-eabi-ar" "COMPILER_FLAGS=  -O2 -c" "EXTRA_COMPILER_FLAGS=-mcpu=cortex-a9 -mfpu=vfpv3 -mfloat-abi=hard -nostartfiles"
Running Make include in ps7_cortexa9_0/libsrc/scugic_v3_5/src
make -C ps7_cortexa9_0/libsrc/scugic_v3_5/src -s include  "SHELL=/bin/sh" "COMPILER=arm-none-eabi-gcc" "ARCHIVER=arm-none-eabi-ar" "COMPILER_FLAGS=  -O2 -c" "EXTRA_COMPILER_FLAGS=-mcpu=cortex-a9 -mfpu=vfpv3 -mfloat-abi=hard -nostartfiles"
Running Make include in ps7_cortexa9_0/libsrc/scutimer_v2_1/src
make -C ps7_cortexa9_0/libsrc/scutimer_v2_1/src -s include  "SHELL=/bin/sh" "COMPILER=arm-none-eabi-gcc" "ARCHIVER=arm-none-eabi-ar" "COMPILER_FLAGS=  -O2 -c" "EXTRA_COMPILER_FLAGS=-mcpu=cortex-a9 -mfpu=vfpv3 -mfloat-abi=hard -nostartfiles"
Running Make include in ps7_cortexa9_0/libsrc/scuwdt_v2_1/src
make -C ps7_cortexa9_0/libsrc/scuwdt_v2_1/src -s include  "SHELL=/bin/sh" "COMPILER=arm-none-eabi-gcc" "ARCHIVER=arm-none-eabi-ar" "COMPILER_FLAGS=  -O2 -c" "EXTRA_COMPILER_FLAGS=-mcpu=cortex-a9 -mfpu=vfpv3 -mfloat-abi=hard -nostartfiles"
Running Make include in ps7_cortexa9_0/libsrc/sdps_v3_1/src
make -C ps7_cortexa9_0/libsrc/sdps_v3_1/src -s include  "SHELL=/bin/sh" "COMPILER=arm-none-eabi-gcc" "ARCHIVER=arm-none-eabi-ar" "COMPILER_FLAGS=  -O2 -c" "EXTRA_COMPILER_FLAGS=-mcpu=cortex-a9 -mfpu=vfpv3 -mfloat-abi=hard -nostartfiles"
Running Make include in ps7_cortexa9_0/libsrc/standalone_v6_1/src
make -C ps7_cortexa9_0/libsrc/standalone_v6_1/src -s include  "SHELL=/bin/sh" "COMPILER=arm-none-eabi-gcc" "ARCHIVER=arm-none-eabi-ar" "COMPILER_FLAGS=  -O2 -c" "EXTRA_COMPILER_FLAGS=-mcpu=cortex-a9 -mfpu=vfpv3 -mfloat-abi=hard -nostartfiles"
Running Make include in ps7_cortexa9_0/libsrc/tmrctr_v4_2/src
make -C ps7_cortexa9_0/libsrc/tmrctr_v4_2/src -s include  "SHELL=/bin/sh" "COMPILER=arm-none-eabi-gcc" "ARCHIVER=arm-none-eabi-ar" "COMPILER_FLAGS=  -O2 -c" "EXTRA_COMPILER_FLAGS=-mcpu=cortex-a9 -mfpu=vfpv3 -mfloat-abi=hard -nostartfiles"
Running Make include in ps7_cortexa9_0/libsrc/ttcps_v3_2/src
make -C ps7_cortexa9_0/libsrc/ttcps_v3_2/src -s include  "SHELL=/bin/sh" "COMPILER=arm-none-eabi-gcc" "ARCHIVER=arm-none-eabi-ar" "COMPILER_FLAGS=  -O2 -c" "EXTRA_COMPILER_FLAGS=-mcpu=cortex-a9 -mfpu=vfpv3 -mfloat-abi=hard -nostartfiles"
Running Make include in ps7_cortexa9_0/libsrc/uartps_v3_3/src
make -C ps7_cortexa9_0/libsrc/uartps_v3_3/src -s include  "SHELL=/bin/sh" "COMPILER=arm-none-eabi-gcc" "ARCHIVER=arm-none-eabi-ar" "COMPILER_FLAGS=  -O2 -c" "EXTRA_COMPILER_FLAGS=-mcpu=cortex-a9 -mfpu=vfpv3 -mfloat-abi=hard -nostartfiles"
Running Make include in ps7_cortexa9_0/libsrc/usbps_v2_4/src
make -C ps7_cortexa9_0/libsrc/usbps_v2_4/src -s include  "SHELL=/bin/sh" "COMPILER=arm-none-eabi-gcc" "ARCHIVER=arm-none-eabi-ar" "COMPILER_FLAGS=  -O2 -c" "EXTRA_COMPILER_FLAGS=-mcpu=cortex-a9 -mfpu=vfpv3 -mfloat-abi=hard -nostartfiles"
Running Make include in ps7_cortexa9_0/libsrc/xadcps_v2_2/src
make -C ps7_cortexa9_0/libsrc/xadcps_v2_2/src -s include  "SHELL=/bin/sh" "COMPILER=arm-none-eabi-gcc" "ARCHIVER=arm-none-eabi-ar" "COMPILER_FLAGS=  -O2 -c" "EXTRA_COMPILER_FLAGS=-mcpu=cortex-a9 -mfpu=vfpv3 -mfloat-abi=hard -nostartfiles"
Running Make libs in ps7_cortexa9_0/libsrc/axidma_v9_3/src
make -C ps7_cortexa9_0/libsrc/axidma_v9_3/src -s libs  "SHELL=/bin/sh" "COMPILER=arm-none-eabi-gcc" "ARCHIVER=arm-none-eabi-ar" "COMPILER_FLAGS=  -O2 -c" "EXTRA_COMPILER_FLAGS=-mcpu=cortex-a9 -mfpu=vfpv3 -mfloat-abi=hard -nostartfiles"
Compiling axidma
arm-none-eabi-ar: creating ../../../lib/libxil.a
Running Make libs in ps7_cortexa9_0/libsrc/coresightps_dcc_v1_3/src
make -C ps7_cortexa9_0/libsrc/coresightps_dcc_v1_3/src -s libs  "SHELL=/bin/sh" "COMPILER=arm-none-eabi-gcc" "ARCHIVER=arm-none-eabi-ar" "COMPILER_FLAGS=  -O2 -c" "EXTRA_COMPILER_FLAGS=-mcpu=cortex-a9 -mfpu=vfpv3 -mfloat-abi=hard -nostartfiles"
Compiling coresightps_dcc
Running Make libs in ps7_cortexa9_0/libsrc/cpu_cortexa9_v2_3/src
make -C ps7_cortexa9_0/libsrc/cpu_cortexa9_v2_3/src -s libs  "SHELL=/bin/sh" "COMPILER=arm-none-eabi-gcc" "ARCHIVER=arm-none-eabi-ar" "COMPILER_FLAGS=  -O2 -c" "EXTRA_COMPILER_FLAGS=-mcpu=cortex-a9 -mfpu=vfpv3 -mfloat-abi=hard -nostartfiles"
Compiling cpu_cortexa9
Running Make libs in ps7_cortexa9_0/libsrc/ddrps_v1_0/src
make -C ps7_cortexa9_0/libsrc/ddrps_v1_0/src -s libs  "SHELL=/bin/sh" "COMPILER=arm-none-eabi-gcc" "ARCHIVER=arm-none-eabi-ar" "COMPILER_FLAGS=  -O2 -c" "EXTRA_COMPILER_FLAGS=-mcpu=cortex-a9 -mfpu=vfpv3 -mfloat-abi=hard -nostartfiles"
Compiling ddrps
Running Make libs in ps7_cortexa9_0/libsrc/devcfg_v3_4/src
make -C ps7_cortexa9_0/libsrc/devcfg_v3_4/src -s libs  "SHELL=/bin/sh" "COMPILER=arm-none-eabi-gcc" "ARCHIVER=arm-none-eabi-ar" "COMPILER_FLAGS=  -O2 -c" "EXTRA_COMPILER_FLAGS=-mcpu=cortex-a9 -mfpu=vfpv3 -mfloat-abi=hard -nostartfiles"
Compiling devcfg
Running Make libs in ps7_cortexa9_0/libsrc/dmaps_v2_3/src
make -C ps7_cortexa9_0/libsrc/dmaps_v2_3/src -s libs  "SHELL=/bin/sh" "COMPILER=arm-none-eabi-gcc" "ARCHIVER=arm-none-eabi-ar" "COMPILER_FLAGS=  -O2 -c" "EXTRA_COMPILER_FLAGS=-mcpu=cortex-a9 -mfpu=vfpv3 -mfloat-abi=hard -nostartfiles"
Compiling dmaps
Running Make libs in ps7_cortexa9_0/libsrc/edge_detect_v1_0/src
make -C ps7_cortexa9_0/libsrc/edge_detect_v1_0/src -s libs  "SHELL=/bin/sh" "COMPILER=arm-none-eabi-gcc" "ARCHIVER=arm-none-eabi-ar" "COMPILER_FLAGS=  -O2 -c" "EXTRA_COMPILER_FLAGS=-mcpu=cortex-a9 -mfpu=vfpv3 -mfloat-abi=hard -nostartfiles"
Compiling edge_detect
Running Make libs in ps7_cortexa9_0/libsrc/emacps_v3_3/src
make -C ps7_cortexa9_0/libsrc/emacps_v3_3/src -s libs  "SHELL=/bin/sh" "COMPILER=arm-none-eabi-gcc" "ARCHIVER=arm-none-eabi-ar" "COMPILER_FLAGS=  -O2 -c" "EXTRA_COMPILER_FLAGS=-mcpu=cortex-a9 -mfpu=vfpv3 -mfloat-abi=hard -nostartfiles"
Compiling emacps
Running Make libs in ps7_cortexa9_0/libsrc/gpiops_v3_1/src
make -C ps7_cortexa9_0/libsrc/gpiops_v3_1/src -s libs  "SHELL=/bin/sh" "COMPILER=arm-none-eabi-gcc" "ARCHIVER=arm-none-eabi-ar" "COMPILER_FLAGS=  -O2 -c" "EXTRA_COMPILER_FLAGS=-mcpu=cortex-a9 -mfpu=vfpv3 -mfloat-abi=hard -nostartfiles"
Compiling gpiops
Running Make libs in ps7_cortexa9_0/libsrc/qspips_v3_3/src
make -C ps7_cortexa9_0/libsrc/qspips_v3_3/src -s libs  "SHELL=/bin/sh" "COMPILER=arm-none-eabi-gcc" "ARCHIVER=arm-none-eabi-ar" "COMPILER_FLAGS=  -O2 -c" "EXTRA_COMPILER_FLAGS=-mcpu=cortex-a9 -mfpu=vfpv3 -mfloat-abi=hard -nostartfiles"
Compiling qspips
Running Make libs in ps7_cortexa9_0/libsrc/scugic_v3_5/src
make -C ps7_cortexa9_0/libsrc/scugic_v3_5/src -s libs  "SHELL=/bin/sh" "COMPILER=arm-none-eabi-gcc" "ARCHIVER=arm-none-eabi-ar" "COMPILER_FLAGS=  -O2 -c" "EXTRA_COMPILER_FLAGS=-mcpu=cortex-a9 -mfpu=vfpv3 -mfloat-abi=hard -nostartfiles"
Compiling scugic
Running Make libs in ps7_cortexa9_0/libsrc/scutimer_v2_1/src
make -C ps7_cortexa9_0/libsrc/scutimer_v2_1/src -s libs  "SHELL=/bin/sh" "COMPILER=arm-none-eabi-gcc" "ARCHIVER=arm-none-eabi-ar" "COMPILER_FLAGS=  -O2 -c" "EXTRA_COMPILER_FLAGS=-mcpu=cortex-a9 -mfpu=vfpv3 -mfloat-abi=hard -nostartfiles"
Compiling scutimer
Running Make libs in ps7_cortexa9_0/libsrc/scuwdt_v2_1/src
make -C ps7_cortexa9_0/libsrc/scuwdt_v2_1/src -s libs  "SHELL=/bin/sh" "COMPILER=arm-none-eabi-gcc" "ARCHIVER=arm-none-eabi-ar" "COMPILER_FLAGS=  -O2 -c" "EXTRA_COMPILER_FLAGS=-mcpu=cortex-a9 -mfpu=vfpv3 -mfloat-abi=hard -nostartfiles"
Compiling scuwdt
Running Make libs in ps7_cortexa9_0/libsrc/sdps_v3_1/src
make -C ps7_cortexa9_0/libsrc/sdps_v3_1/src -s libs  "SHELL=/bin/sh" "COMPILER=arm-none-eabi-gcc" "ARCHIVER=arm-none-eabi-ar" "COMPILER_FLAGS=  -O2 -c" "EXTRA_COMPILER_FLAGS=-mcpu=cortex-a9 -mfpu=vfpv3 -mfloat-abi=hard -nostartfiles"
Compiling sdps
Running Make libs in ps7_cortexa9_0/libsrc/standalone_v6_1/src
make -C ps7_cortexa9_0/libsrc/standalone_v6_1/src -s libs  "SHELL=/bin/sh" "COMPILER=arm-none-eabi-gcc" "ARCHIVER=arm-none-eabi-ar" "COMPILER_FLAGS=  -O2 -c" "EXTRA_COMPILER_FLAGS=-mcpu=cortex-a9 -mfpu=vfpv3 -mfloat-abi=hard -nostartfiles"
Compiling standalone
Running Make libs in ps7_cortexa9_0/libsrc/tmrctr_v4_2/src
make -C ps7_cortexa9_0/libsrc/tmrctr_v4_2/src -s libs  "SHELL=/bin/sh" "COMPILER=arm-none-eabi-gcc" "ARCHIVER=arm-none-eabi-ar" "COMPILER_FLAGS=  -O2 -c" "EXTRA_COMPILER_FLAGS=-mcpu=cortex-a9 -mfpu=vfpv3 -mfloat-abi=hard -nostartfiles"
Compiling tmrctr
Running Make libs in ps7_cortexa9_0/libsrc/ttcps_v3_2/src
make -C ps7_cortexa9_0/libsrc/ttcps_v3_2/src -s libs  "SHELL=/bin/sh" "COMPILER=arm-none-eabi-gcc" "ARCHIVER=arm-none-eabi-ar" "COMPILER_FLAGS=  -O2 -c" "EXTRA_COMPILER_FLAGS=-mcpu=cortex-a9 -mfpu=vfpv3 -mfloat-abi=hard -nostartfiles"
Compiling ttcps
Running Make libs in ps7_cortexa9_0/libsrc/uartps_v3_3/src
make -C ps7_cortexa9_0/libsrc/uartps_v3_3/src -s libs  "SHELL=/bin/sh" "COMPILER=arm-none-eabi-gcc" "ARCHIVER=arm-none-eabi-ar" "COMPILER_FLAGS=  -O2 -c" "EXTRA_COMPILER_FLAGS=-mcpu=cortex-a9 -mfpu=vfpv3 -mfloat-abi=hard -nostartfiles"
Compiling uartps
Running Make libs in ps7_cortexa9_0/libsrc/usbps_v2_4/src
make -C ps7_cortexa9_0/libsrc/usbps_v2_4/src -s libs  "SHELL=/bin/sh" "COMPILER=arm-none-eabi-gcc" "ARCHIVER=arm-none-eabi-ar" "COMPILER_FLAGS=  -O2 -c" "EXTRA_COMPILER_FLAGS=-mcpu=cortex-a9 -mfpu=vfpv3 -mfloat-abi=hard -nostartfiles"
Compiling usbps
Running Make libs in ps7_cortexa9_0/libsrc/xadcps_v2_2/src
make -C ps7_cortexa9_0/libsrc/xadcps_v2_2/src -s libs  "SHELL=/bin/sh" "COMPILER=arm-none-eabi-gcc" "ARCHIVER=arm-none-eabi-ar" "COMPILER_FLAGS=  -O2 -c" "EXTRA_COMPILER_FLAGS=-mcpu=cortex-a9 -mfpu=vfpv3 -mfloat-abi=hard -nostartfiles"
Compiling xadcps
Finished building libraries
17:39:02 **** Build of configuration Debug for project test_edge_detection ****
make pre-build main-build 
a9-linaro-pre-build-step
 
Building file: ../src/main.cc
Invoking: ARM v7 g++ compiler
arm-none-eabi-g++ -Wall -O0 -g3 -c -fmessage-length=0 -MT"src/main.o" -mcpu=cortex-a9 -mfpu=vfpv3 -mfloat-abi=hard -I../../test_edge_detection_bsp/ps7_cortexa9_0/include -MMD -MP -MF"src/main.d" -MT"src/main.o" -o "src/main.o" "../src/main.cc"
Finished building: ../src/main.cc
 
Building target: test_edge_detection.elf
Invoking: ARM v7 g++ linker
arm-none-eabi-g++ -mcpu=cortex-a9 -mfpu=vfpv3 -mfloat-abi=hard -Wl,-build-id=none -specs=Xilinx.spec -Wl,-T -Wl,../src/lscript.ld -L../../test_edge_detection_bsp/ps7_cortexa9_0/lib -o "test_edge_detection.elf"  ./src/main.o   -Wl,--start-group,-lxil,-lgcc,-lc,-lstdc++,--end-group
Finished building target: test_edge_detection.elf
 
Invoking: ARM v7 Print Size
arm-none-eabi-size test_edge_detection.elf  |tee "test_edge_detection.elf.size"
   text	   data	    bss	    dec	    hex	filename
  19056	   1148	  22576	  42780	   a71c	test_edge_detection.elf
Finished building: test_edge_detection.elf.size
 
17:49:02 **** Auto Build of configuration Debug for project test_edge_detection ****
make pre-build main-build 
a9-linaro-pre-build-step
 
Building file: ../src/main.cc
Invoking: ARM v7 g++ compiler
arm-none-eabi-g++ -Wall -O0 -g3 -c -fmessage-length=0 -MT"src/main.o" -mcpu=cortex-a9 -mfpu=vfpv3 -mfloat-abi=hard -I../../test_edge_detection_bsp/ps7_cortexa9_0/include -MMD -MP -MF"src/main.d" -MT"src/main.o" -o "src/main.o" "../src/main.cc"
../src/main.cc:6:25: fatal error: xedgedetect.h: No such file or directory
compilation terminated.
make: *** [src/main.o] Error 1
17:53:04 **** Auto Build of configuration Debug for project test_edge_detection ****
make pre-build main-build 
a9-linaro-pre-build-step
 
Building file: ../src/main.cc
Invoking: ARM v7 g++ compiler
arm-none-eabi-g++ -Wall -O0 -g3 -c -fmessage-length=0 -MT"src/main.o" -mcpu=cortex-a9 -mfpu=vfpv3 -mfloat-abi=hard -I../../test_edge_detection_bsp/ps7_cortexa9_0/include -MMD -MP -MF"src/main.d" -MT"src/main.o" -o "src/main.o" "../src/main.cc"
Finished building: ../src/main.cc
 
Building target: test_edge_detection.elf
Invoking: ARM v7 g++ linker
arm-none-eabi-g++ -mcpu=cortex-a9 -mfpu=vfpv3 -mfloat-abi=hard -Wl,-build-id=none -specs=Xilinx.spec -Wl,-T -Wl,../src/lscript.ld -L../../test_edge_detection_bsp/ps7_cortexa9_0/lib -o "test_edge_detection.elf"  ./src/main.o   -Wl,--start-group,-lxil,-lgcc,-lc,-lstdc++,--end-group
Finished building target: test_edge_detection.elf
 
Invoking: ARM v7 Print Size
arm-none-eabi-size test_edge_detection.elf  |tee "test_edge_detection.elf.size"
   text	   data	    bss	    dec	    hex	filename
  19056	   1148	  22576	  42780	   a71c	test_edge_detection.elf
Finished building: test_edge_detection.elf.size
 
17:55:06 **** Auto Build of configuration Debug for project test_edge_detection ****
make pre-build main-build 
a9-linaro-pre-build-step
 
Building file: ../src/main.cc
Invoking: ARM v7 g++ compiler
arm-none-eabi-g++ -Wall -O0 -g3 -c -fmessage-length=0 -MT"src/main.o" -mcpu=cortex-a9 -mfpu=vfpv3 -mfloat-abi=hard -I../../test_edge_detection_bsp/ps7_cortexa9_0/include -MMD -MP -MF"src/main.d" -MT"src/main.o" -o "src/main.o" "../src/main.cc"
../src/main.cc:10:27: error: 'SIZE' was not declared in this scope
 unsigned char inputImg_hw[SIZE*3];
                           ^
make: *** [src/main.o] Error 1
17:55:28 **** Auto Build of configuration Debug for project test_edge_detection ****
make pre-build main-build 
a9-linaro-pre-build-step
 
Building file: ../src/main.cc
Invoking: ARM v7 g++ compiler
arm-none-eabi-g++ -Wall -O0 -g3 -c -fmessage-length=0 -MT"src/main.o" -mcpu=cortex-a9 -mfpu=vfpv3 -mfloat-abi=hard -I../../test_edge_detection_bsp/ps7_cortexa9_0/include -MMD -MP -MF"src/main.d" -MT"src/main.o" -o "src/main.o" "../src/main.cc"
Finished building: ../src/main.cc
 
Building target: test_edge_detection.elf
Invoking: ARM v7 g++ linker
arm-none-eabi-g++ -mcpu=cortex-a9 -mfpu=vfpv3 -mfloat-abi=hard -Wl,-build-id=none -specs=Xilinx.spec -Wl,-T -Wl,../src/lscript.ld -L../../test_edge_detection_bsp/ps7_cortexa9_0/lib -o "test_edge_detection.elf"  ./src/main.o   -Wl,--start-group,-lxil,-lgcc,-lc,-lstdc++,--end-group
Finished building target: test_edge_detection.elf
 
Invoking: ARM v7 Print Size
arm-none-eabi-size test_edge_detection.elf  |tee "test_edge_detection.elf.size"
   text	   data	    bss	    dec	    hex	filename
  19056	   1148	  71728	  91932	  1671c	test_edge_detection.elf
Finished building: test_edge_detection.elf.size
 
17:56:37 **** Auto Build of configuration Debug for project test_edge_detection ****
make pre-build main-build 
a9-linaro-pre-build-step
 
Building file: ../src/main.cc
Invoking: ARM v7 g++ compiler
arm-none-eabi-g++ -Wall -O0 -g3 -c -fmessage-length=0 -MT"src/main.o" -mcpu=cortex-a9 -mfpu=vfpv3 -mfloat-abi=hard -I../../test_edge_detection_bsp/ps7_cortexa9_0/include -MMD -MP -MF"src/main.d" -MT"src/main.o" -o "src/main.o" "../src/main.cc"
Finished building: ../src/main.cc
 
Building target: test_edge_detection.elf
Invoking: ARM v7 g++ linker
arm-none-eabi-g++ -mcpu=cortex-a9 -mfpu=vfpv3 -mfloat-abi=hard -Wl,-build-id=none -specs=Xilinx.spec -Wl,-T -Wl,../src/lscript.ld -L../../test_edge_detection_bsp/ps7_cortexa9_0/lib -o "test_edge_detection.elf"  ./src/main.o   -Wl,--start-group,-lxil,-lgcc,-lc,-lstdc++,--end-group
Finished building target: test_edge_detection.elf
 
Invoking: ARM v7 Print Size
arm-none-eabi-size test_edge_detection.elf  |tee "test_edge_detection.elf.size"
   text	   data	    bss	    dec	    hex	filename
  19056	   1148	  71728	  91932	  1671c	test_edge_detection.elf
Finished building: test_edge_detection.elf.size
 
18:05:49 **** Auto Build of configuration Debug for project test_edge_detection ****
make pre-build main-build 
a9-linaro-pre-build-step
 
Building file: ../src/main.cc
Invoking: ARM v7 g++ compiler
arm-none-eabi-g++ -Wall -O0 -g3 -c -fmessage-length=0 -MT"src/main.o" -mcpu=cortex-a9 -mfpu=vfpv3 -mfloat-abi=hard -I../../test_edge_detection_bsp/ps7_cortexa9_0/include -MMD -MP -MF"src/main.d" -MT"src/main.o" -o "src/main.o" "../src/main.cc"
Finished building: ../src/main.cc
 
Building target: test_edge_detection.elf
Invoking: ARM v7 g++ linker
arm-none-eabi-g++ -mcpu=cortex-a9 -mfpu=vfpv3 -mfloat-abi=hard -Wl,-build-id=none -specs=Xilinx.spec -Wl,-T -Wl,../src/lscript.ld -L../../test_edge_detection_bsp/ps7_cortexa9_0/lib -o "test_edge_detection.elf"  ./src/main.o   -Wl,--start-group,-lxil,-lgcc,-lc,-lstdc++,--end-group
Finished building target: test_edge_detection.elf
 
Invoking: ARM v7 Print Size
arm-none-eabi-size test_edge_detection.elf  |tee "test_edge_detection.elf.size"
   text	   data	    bss	    dec	    hex	filename
  19056	   1156	  73456	  93668	  16de4	test_edge_detection.elf
Finished building: test_edge_detection.elf.size
 
18:12:13 **** Auto Build of configuration Debug for project test_edge_detection ****
make pre-build main-build 
a9-linaro-pre-build-step
 
Building file: ../src/main.cc
Invoking: ARM v7 g++ compiler
arm-none-eabi-g++ -Wall -O0 -g3 -c -fmessage-length=0 -MT"src/main.o" -mcpu=cortex-a9 -mfpu=vfpv3 -mfloat-abi=hard -I../../test_edge_detection_bsp/ps7_cortexa9_0/include -MMD -MP -MF"src/main.d" -MT"src/main.o" -o "src/main.o" "../src/main.cc"
Finished building: ../src/main.cc
 
Building target: test_edge_detection.elf
Invoking: ARM v7 g++ linker
arm-none-eabi-g++ -mcpu=cortex-a9 -mfpu=vfpv3 -mfloat-abi=hard -Wl,-build-id=none -specs=Xilinx.spec -Wl,-T -Wl,../src/lscript.ld -L../../test_edge_detection_bsp/ps7_cortexa9_0/lib -o "test_edge_detection.elf"  ./src/main.o   -Wl,--start-group,-lxil,-lgcc,-lc,-lstdc++,--end-group
Finished building target: test_edge_detection.elf
 
Invoking: ARM v7 Print Size
arm-none-eabi-size test_edge_detection.elf  |tee "test_edge_detection.elf.size"
   text	   data	    bss	    dec	    hex	filename
  42204	   2260	  73528	 117992	  1cce8	test_edge_detection.elf
Finished building: test_edge_detection.elf.size
 
18:16:53 **** Auto Build of configuration Debug for project test_edge_detection ****
make pre-build main-build 
a9-linaro-pre-build-step
 
Building file: ../src/main.cc
Invoking: ARM v7 g++ compiler
arm-none-eabi-g++ -Wall -O0 -g3 -c -fmessage-length=0 -MT"src/main.o" -mcpu=cortex-a9 -mfpu=vfpv3 -mfloat-abi=hard -I../../test_edge_detection_bsp/ps7_cortexa9_0/include -MMD -MP -MF"src/main.d" -MT"src/main.o" -o "src/main.o" "../src/main.cc"
../src/main.cc: In function 'int initEdgeDetection()':
../src/main.cc:35:6: warning: unused variable 'status' [-Wunused-variable]
  int status;
      ^
../src/main.cc:36:23: warning: variable 'edgeDetect_cfg' set but not used [-Wunused-but-set-variable]
  XEdge_detect_Config *edgeDetect_cfg;
                       ^
../src/main.cc:38:1: warning: no return statement in function returning non-void [-Wreturn-type]
 }
 ^
Finished building: ../src/main.cc
 
Building target: test_edge_detection.elf
Invoking: ARM v7 g++ linker
arm-none-eabi-g++ -mcpu=cortex-a9 -mfpu=vfpv3 -mfloat-abi=hard -Wl,-build-id=none -specs=Xilinx.spec -Wl,-T -Wl,../src/lscript.ld -L../../test_edge_detection_bsp/ps7_cortexa9_0/lib -o "test_edge_detection.elf"  ./src/main.o   -Wl,--start-group,-lxil,-lgcc,-lc,-lstdc++,--end-group
Finished building target: test_edge_detection.elf
 
Invoking: ARM v7 Print Size
arm-none-eabi-size test_edge_detection.elf  |tee "test_edge_detection.elf.size"
   text	   data	    bss	    dec	    hex	filename
  44312	   2276	  73536	 120124	  1d53c	test_edge_detection.elf
Finished building: test_edge_detection.elf.size
 
18:22:24 **** Auto Build of configuration Debug for project test_edge_detection ****
make pre-build main-build 
a9-linaro-pre-build-step
 
Building file: ../src/main.cc
Invoking: ARM v7 g++ compiler
arm-none-eabi-g++ -Wall -O0 -g3 -c -fmessage-length=0 -MT"src/main.o" -mcpu=cortex-a9 -mfpu=vfpv3 -mfloat-abi=hard -I../../test_edge_detection_bsp/ps7_cortexa9_0/include -MMD -MP -MF"src/main.d" -MT"src/main.o" -o "src/main.o" "../src/main.cc"
Finished building: ../src/main.cc
 
Building target: test_edge_detection.elf
Invoking: ARM v7 g++ linker
arm-none-eabi-g++ -mcpu=cortex-a9 -mfpu=vfpv3 -mfloat-abi=hard -Wl,-build-id=none -specs=Xilinx.spec -Wl,-T -Wl,../src/lscript.ld -L../../test_edge_detection_bsp/ps7_cortexa9_0/lib -o "test_edge_detection.elf"  ./src/main.o   -Wl,--start-group,-lxil,-lgcc,-lc,-lstdc++,--end-group
Finished building target: test_edge_detection.elf
 
Invoking: ARM v7 Print Size
arm-none-eabi-size test_edge_detection.elf  |tee "test_edge_detection.elf.size"
   text	   data	    bss	    dec	    hex	filename
  51820	   2276	  73536	 127632	  1f290	test_edge_detection.elf
Finished building: test_edge_detection.elf.size
 
18:23:26 **** Auto Build of configuration Debug for project test_edge_detection ****
make pre-build main-build 
a9-linaro-pre-build-step
 
Building file: ../src/main.cc
Invoking: ARM v7 g++ compiler
arm-none-eabi-g++ -Wall -O0 -g3 -c -fmessage-length=0 -MT"src/main.o" -mcpu=cortex-a9 -mfpu=vfpv3 -mfloat-abi=hard -I../../test_edge_detection_bsp/ps7_cortexa9_0/include -MMD -MP -MF"src/main.d" -MT"src/main.o" -o "src/main.o" "../src/main.cc"
Finished building: ../src/main.cc
 
Building target: test_edge_detection.elf
Invoking: ARM v7 g++ linker
arm-none-eabi-g++ -mcpu=cortex-a9 -mfpu=vfpv3 -mfloat-abi=hard -Wl,-build-id=none -specs=Xilinx.spec -Wl,-T -Wl,../src/lscript.ld -L../../test_edge_detection_bsp/ps7_cortexa9_0/lib -o "test_edge_detection.elf"  ./src/main.o   -Wl,--start-group,-lxil,-lgcc,-lc,-lstdc++,--end-group
Finished building target: test_edge_detection.elf
 
Invoking: ARM v7 Print Size
arm-none-eabi-size test_edge_detection.elf  |tee "test_edge_detection.elf.size"
   text	   data	    bss	    dec	    hex	filename
  51840	   2276	  73544	 127660	  1f2ac	test_edge_detection.elf
Finished building: test_edge_detection.elf.size
 
18:23:52 **** Auto Build of configuration Debug for project test_edge_detection ****
make pre-build main-build 
a9-linaro-pre-build-step
 
Building file: ../src/main.cc
Invoking: ARM v7 g++ compiler
arm-none-eabi-g++ -Wall -O0 -g3 -c -fmessage-length=0 -MT"src/main.o" -mcpu=cortex-a9 -mfpu=vfpv3 -mfloat-abi=hard -I../../test_edge_detection_bsp/ps7_cortexa9_0/include -MMD -MP -MF"src/main.d" -MT"src/main.o" -o "src/main.o" "../src/main.cc"
Finished building: ../src/main.cc
 
Building target: test_edge_detection.elf
Invoking: ARM v7 g++ linker
arm-none-eabi-g++ -mcpu=cortex-a9 -mfpu=vfpv3 -mfloat-abi=hard -Wl,-build-id=none -specs=Xilinx.spec -Wl,-T -Wl,../src/lscript.ld -L../../test_edge_detection_bsp/ps7_cortexa9_0/lib -o "test_edge_detection.elf"  ./src/main.o   -Wl,--start-group,-lxil,-lgcc,-lc,-lstdc++,--end-group
Finished building target: test_edge_detection.elf
 
Invoking: ARM v7 Print Size
arm-none-eabi-size test_edge_detection.elf  |tee "test_edge_detection.elf.size"
   text	   data	    bss	    dec	    hex	filename
  51840	   2276	  73544	 127660	  1f2ac	test_edge_detection.elf
Finished building: test_edge_detection.elf.size
 
18:35:25 **** Auto Build of configuration Debug for project test_edge_detection ****
make pre-build main-build 
a9-linaro-pre-build-step
 
Building file: ../src/main.cc
Invoking: ARM v7 g++ compiler
arm-none-eabi-g++ -Wall -O0 -g3 -c -fmessage-length=0 -MT"src/main.o" -mcpu=cortex-a9 -mfpu=vfpv3 -mfloat-abi=hard -I../../test_edge_detection_bsp/ps7_cortexa9_0/include -MMD -MP -MF"src/main.d" -MT"src/main.o" -o "src/main.o" "../src/main.cc"
../src/main.cc:7:28: fatal error: AxiTimerHelper.h: No such file or directory
compilation terminated.
make: *** [src/main.o] Error 1
18:47:02 **** Auto Build of configuration Debug for project test_edge_detection ****
make pre-build main-build 
a9-linaro-pre-build-step
 
Building file: ../src/main.cc
Invoking: ARM v7 g++ compiler
arm-none-eabi-g++ -Wall -O0 -g3 -c -fmessage-length=0 -MT"src/main.o" -mcpu=cortex-a9 -mfpu=vfpv3 -mfloat-abi=hard -I../../test_edge_detection_bsp/ps7_cortexa9_0/include -MMD -MP -MF"src/main.d" -MT"src/main.o" -o "src/main.o" "../src/main.cc"
../src/main.cc:7:28: fatal error: AxiTimerHelper.h: No such file or directory
compilation terminated.
make: *** [src/main.o] Error 1
18:49:36 **** Auto Build of configuration Debug for project test_edge_detection ****
make pre-build main-build 
a9-linaro-pre-build-step
 
Building file: ../src/main.cc
Invoking: ARM v7 g++ compiler
arm-none-eabi-g++ -Wall -O0 -g3 -c -fmessage-length=0 -MT"src/main.o" -mcpu=cortex-a9 -mfpu=vfpv3 -mfloat-abi=hard -I../../test_edge_detection_bsp/ps7_cortexa9_0/include -MMD -MP -MF"src/main.d" -MT"src/main.o" -o "src/main.o" "../src/main.cc"
../src/main.cc:7:28: fatal error: AxiTimerHelper.h: No such file or directory
compilation terminated.
make: *** [src/main.o] Error 1
18:49:45 **** Auto Build of configuration Debug for project test_edge_detection ****
make pre-build main-build 
a9-linaro-pre-build-step
 
Building file: ../src/main.cc
Invoking: ARM v7 g++ compiler
arm-none-eabi-g++ -Wall -O0 -g3 -c -fmessage-length=0 -MT"src/main.o" -mcpu=cortex-a9 -mfpu=vfpv3 -mfloat-abi=hard -I../../test_edge_detection_bsp/ps7_cortexa9_0/include -MMD -MP -MF"src/main.d" -MT"src/main.o" -o "src/main.o" "../src/main.cc"
../src/main.cc:7:28: fatal error: AxiTimerHelper.h: No such file or directory
compilation terminated.
make: *** [src/main.o] Error 1
18:49:54 **** Auto Build of configuration Debug for project test_edge_detection ****
make pre-build main-build 
a9-linaro-pre-build-step
 
Building file: ../src/main.cc
Invoking: ARM v7 g++ compiler
arm-none-eabi-g++ -Wall -O0 -g3 -c -fmessage-length=0 -MT"src/main.o" -mcpu=cortex-a9 -mfpu=vfpv3 -mfloat-abi=hard -I../../test_edge_detection_bsp/ps7_cortexa9_0/include -MMD -MP -MF"src/main.d" -MT"src/main.o" -o "src/main.o" "../src/main.cc"
../src/main.cc:7:28: fatal error: AxiTimerHelper.h: No such file or directory
compilation terminated.
make: *** [src/main.o] Error 1
18:52:29 **** Auto Build of configuration Debug for project test_edge_detection ****
make pre-build main-build 
a9-linaro-pre-build-step
 
Building file: ../src/main.cc
Invoking: ARM v7 g++ compiler
arm-none-eabi-g++ -Wall -O0 -g3 -c -fmessage-length=0 -MT"src/main.o" -mcpu=cortex-a9 -mfpu=vfpv3 -mfloat-abi=hard -I../../test_edge_detection_bsp/ps7_cortexa9_0/include -MMD -MP -MF"src/main.d" -MT"src/main.o" -o "src/main.o" "../src/main.cc"
../src/main.cc:7:28: fatal error: AxiTimerHelper.h: No such file or directory
compilation terminated.
make: *** [src/main.o] Error 1
18:52:35 **** Auto Build of configuration Debug for project test_edge_detection ****
make pre-build main-build 
a9-linaro-pre-build-step
 
Building file: ../src/main.cc
Invoking: ARM v7 g++ compiler
arm-none-eabi-g++ -Wall -O0 -g3 -c -fmessage-length=0 -MT"src/main.o" -mcpu=cortex-a9 -mfpu=vfpv3 -mfloat-abi=hard -I../../test_edge_detection_bsp/ps7_cortexa9_0/include -MMD -MP -MF"src/main.d" -MT"src/main.o" -o "src/main.o" "../src/main.cc"
../src/main.cc:7:28: fatal error: AxiTimerHelper.h: No such file or directory
compilation terminated.
make: *** [src/main.o] Error 1
18:52:40 **** Auto Build of configuration Debug for project test_edge_detection ****
make pre-build main-build 
a9-linaro-pre-build-step
 
Building file: ../src/main.cc
Invoking: ARM v7 g++ compiler
arm-none-eabi-g++ -Wall -O0 -g3 -c -fmessage-length=0 -MT"src/main.o" -mcpu=cortex-a9 -mfpu=vfpv3 -mfloat-abi=hard -I../../test_edge_detection_bsp/ps7_cortexa9_0/include -MMD -MP -MF"src/main.d" -MT"src/main.o" -o "src/main.o" "../src/main.cc"
../src/main.cc:7:28: fatal error: AxiTimerHelper.h: No such file or directory
compilation terminated.
make: *** [src/main.o] Error 1
18:54:18 **** Auto Build of configuration Debug for project test_edge_detection ****
make pre-build main-build 
a9-linaro-pre-build-step
 
Building file: ../src/main.cc
Invoking: ARM v7 g++ compiler
arm-none-eabi-g++ -Wall -O0 -g3 -c -fmessage-length=0 -MT"src/main.o" -mcpu=cortex-a9 -mfpu=vfpv3 -mfloat-abi=hard -I../../test_edge_detection_bsp/ps7_cortexa9_0/include -MMD -MP -MF"src/main.d" -MT"src/main.o" -o "src/main.o" "../src/main.cc"
../src/main.cc:7:28: fatal error: AxiTimerHelper.h: No such file or directory
compilation terminated.
make: *** [src/main.o] Error 1
18:54:28 **** Auto Build of configuration Debug for project test_edge_detection ****
make pre-build main-build 
a9-linaro-pre-build-step
 
Building file: ../src/main.cc
Invoking: ARM v7 g++ compiler
arm-none-eabi-g++ -Wall -O0 -g3 -c -fmessage-length=0 -MT"src/main.o" -mcpu=cortex-a9 -mfpu=vfpv3 -mfloat-abi=hard -I../../test_edge_detection_bsp/ps7_cortexa9_0/include -MMD -MP -MF"src/main.d" -MT"src/main.o" -o "src/main.o" "../src/main.cc"
../src/main.cc:7:28: fatal error: AxiTimerHelper.h: No such file or directory
compilation terminated.
make: *** [src/main.o] Error 1
18:54:58 **** Auto Build of configuration Debug for project test_edge_detection ****
make pre-build main-build 
a9-linaro-pre-build-step
 
Building file: ../src/main.cc
Invoking: ARM v7 g++ compiler
arm-none-eabi-g++ -Wall -O0 -g3 -c -fmessage-length=0 -MT"src/main.o" -mcpu=cortex-a9 -mfpu=vfpv3 -mfloat-abi=hard -I../../test_edge_detection_bsp/ps7_cortexa9_0/include -MMD -MP -MF"src/main.d" -MT"src/main.o" -o "src/main.o" "../src/main.cc"
../src/main.cc:7:28: fatal error: AxiTimerHelper.h: No such file or directory
compilation terminated.
make: *** [src/main.o] Error 1
18:56:22 **** Auto Build of configuration Debug for project test_edge_detection ****
make pre-build main-build 
a9-linaro-pre-build-step
 
Building file: ../src/main.cc
Invoking: ARM v7 g++ compiler
arm-none-eabi-g++ -Wall -O0 -g3 -c -fmessage-length=0 -MT"src/main.o" -mcpu=cortex-a9 -mfpu=vfpv3 -mfloat-abi=hard -I../../test_edge_detection_bsp/ps7_cortexa9_0/include -MMD -MP -MF"src/main.d" -MT"src/main.o" -o "src/main.o" "../src/main.cc"
../src/main.cc: In function 'int main()':
../src/main.cc:59:18: error: 'i' was not declared in this scope
      inputImg_hw[i] = img[idx];
                  ^
../src/main.cc:59:23: error: 'img' was not declared in this scope
      inputImg_hw[i] = img[idx];
                       ^
../src/main.cc:64:5: error: 'AxiTimerHelper' was not declared in this scope
     AxiTimerHelper axiTimer;
     ^
../src/main.cc:69:43: error: 'SIZE_ARR' was not declared in this scope
     Xil_DCacheFlushRange((u32)inputImg_hw,SIZE_ARR*sizeof(unsigned int));
                                           ^
../src/main.cc:81:5: error: 'axiTimer' was not declared in this scope
     axiTimer.stopTimer();
     ^
make: *** [src/main.o] Error 1
18:56:24 **** Auto Build of configuration Debug for project test_edge_detection ****
make pre-build main-build 
a9-linaro-pre-build-step
 
Building file: ../src/main.cc
Invoking: ARM v7 g++ compiler
arm-none-eabi-g++ -Wall -O0 -g3 -c -fmessage-length=0 -MT"src/main.o" -mcpu=cortex-a9 -mfpu=vfpv3 -mfloat-abi=hard -I../../test_edge_detection_bsp/ps7_cortexa9_0/include -MMD -MP -MF"src/main.d" -MT"src/main.o" -o "src/main.o" "../src/main.cc"
../src/main.cc: In function 'int main()':
../src/main.cc:60:18: error: 'i' was not declared in this scope
      inputImg_hw[i] = img[idx];
                  ^
../src/main.cc:60:23: error: 'img' was not declared in this scope
      inputImg_hw[i] = img[idx];
                       ^
../src/main.cc:65:5: error: 'AxiTimerHelper' was not declared in this scope
     AxiTimerHelper axiTimer;
     ^
../src/main.cc:70:43: error: 'SIZE_ARR' was not declared in this scope
     Xil_DCacheFlushRange((u32)inputImg_hw,SIZE_ARR*sizeof(unsigned int));
                                           ^
../src/main.cc:82:5: error: 'axiTimer' was not declared in this scope
     axiTimer.stopTimer();
     ^
make: *** [src/main.o] Error 1
18:56:34 **** Auto Build of configuration Debug for project test_edge_detection ****
make pre-build main-build 
a9-linaro-pre-build-step
 
Building file: ../src/main.cc
Invoking: ARM v7 g++ compiler
arm-none-eabi-g++ -Wall -O0 -g3 -c -fmessage-length=0 -MT"src/main.o" -mcpu=cortex-a9 -mfpu=vfpv3 -mfloat-abi=hard -I../../test_edge_detection_bsp/ps7_cortexa9_0/include -MMD -MP -MF"src/main.d" -MT"src/main.o" -o "src/main.o" "../src/main.cc"
../src/main.cc: In function 'int main()':
../src/main.cc:60:18: error: 'i' was not declared in this scope
      inputImg_hw[i] = img[idx];
                  ^
../src/main.cc:60:23: error: 'img' was not declared in this scope
      inputImg_hw[i] = img[idx];
                       ^
../src/main.cc:70:43: error: 'SIZE_ARR' was not declared in this scope
     Xil_DCacheFlushRange((u32)inputImg_hw,SIZE_ARR*sizeof(unsigned int));
                                           ^
../src/main.cc:82:5: error: 'axiTimer' was not declared in this scope
     axiTimer.stopTimer();
     ^
make: *** [src/main.o] Error 1
18:56:45 **** Auto Build of configuration Debug for project test_edge_detection ****
make pre-build main-build 
a9-linaro-pre-build-step
 
Building file: ../src/main.cc
Invoking: ARM v7 g++ compiler
arm-none-eabi-g++ -Wall -O0 -g3 -c -fmessage-length=0 -MT"src/main.o" -mcpu=cortex-a9 -mfpu=vfpv3 -mfloat-abi=hard -I../../test_edge_detection_bsp/ps7_cortexa9_0/include -MMD -MP -MF"src/main.d" -MT"src/main.o" -o "src/main.o" "../src/main.cc"
../src/main.cc: In function 'int main()':
../src/main.cc:60:18: error: 'i' was not declared in this scope
      inputImg_hw[i] = img[idx];
                  ^
../src/main.cc:60:23: error: 'img' was not declared in this scope
      inputImg_hw[i] = img[idx];
                       ^
../src/main.cc:70:44: error: 'SIZE_ARR' was not declared in this scope
     Xil_DCacheFlushRange((u32)inputImg_hw, SIZE_ARR*sizeof(unsigned int));
                                            ^
../src/main.cc:82:5: error: 'axiTimer' was not declared in this scope
     axiTimer.stopTimer();
     ^
make: *** [src/main.o] Error 1
18:56:54 **** Auto Build of configuration Debug for project test_edge_detection ****
make pre-build main-build 
a9-linaro-pre-build-step
 
Building file: ../src/main.cc
Invoking: ARM v7 g++ compiler
arm-none-eabi-g++ -Wall -O0 -g3 -c -fmessage-length=0 -MT"src/main.o" -mcpu=cortex-a9 -mfpu=vfpv3 -mfloat-abi=hard -I../../test_edge_detection_bsp/ps7_cortexa9_0/include -MMD -MP -MF"src/main.d" -MT"src/main.o" -o "src/main.o" "../src/main.cc"
../src/main.cc: In function 'int main()':
../src/main.cc:60:18: error: 'i' was not declared in this scope
      inputImg_hw[i] = img[idx];
                  ^
../src/main.cc:60:23: error: 'img' was not declared in this scope
      inputImg_hw[i] = img[idx];
                       ^
../src/main.cc:70:44: error: 'SIZE_ARR' was not declared in this scope
     Xil_DCacheFlushRange((u32)inputImg_hw, SIZE_ARR*sizeof(unsigned int));
                                            ^
../src/main.cc:82:5: error: 'axiTimer' was not declared in this scope
     axiTimer.stopTimer();
     ^
make: *** [src/main.o] Error 1
18:57:10 **** Auto Build of configuration Debug for project test_edge_detection ****
make pre-build main-build 
a9-linaro-pre-build-step
 
Building file: ../src/main.cc
Invoking: ARM v7 g++ compiler
arm-none-eabi-g++ -Wall -O0 -g3 -c -fmessage-length=0 -MT"src/main.o" -mcpu=cortex-a9 -mfpu=vfpv3 -mfloat-abi=hard -I../../test_edge_detection_bsp/ps7_cortexa9_0/include -MMD -MP -MF"src/main.d" -MT"src/main.o" -o "src/main.o" "../src/main.cc"
../src/main.cc: In function 'int main()':
../src/main.cc:60:18: error: 'i' was not declared in this scope
      inputImg_hw[i] = img[idx];
                  ^
../src/main.cc:60:23: error: 'img' was not declared in this scope
      inputImg_hw[i] = img[idx];
                       ^
../src/main.cc:73:53: error: 'SIZE_ARR' was not declared in this scope
     XAxiDma_SimpleTransfer(&axiDma,(u32)inputImg_hw,SIZE_ARR*sizeof(unsigned int),XAXIDMA_DMA_TO_DEVICE);
                                                     ^
../src/main.cc:82:5: error: 'axiTimer' was not declared in this scope
     axiTimer.stopTimer();
     ^
make: *** [src/main.o] Error 1
18:57:24 **** Auto Build of configuration Debug for project test_edge_detection ****
make pre-build main-build 
a9-linaro-pre-build-step
 
Building file: ../src/main.cc
Invoking: ARM v7 g++ compiler
arm-none-eabi-g++ -Wall -O0 -g3 -c -fmessage-length=0 -MT"src/main.o" -mcpu=cortex-a9 -mfpu=vfpv3 -mfloat-abi=hard -I../../test_edge_detection_bsp/ps7_cortexa9_0/include -MMD -MP -MF"src/main.d" -MT"src/main.o" -o "src/main.o" "../src/main.cc"
../src/main.cc: In function 'int main()':
../src/main.cc:60:18: error: 'i' was not declared in this scope
      inputImg_hw[i] = img[idx];
                  ^
../src/main.cc:60:23: error: 'img' was not declared in this scope
      inputImg_hw[i] = img[idx];
                       ^
../src/main.cc:81:52: error: 'SIZE_ARR' was not declared in this scope
     Xil_DCacheInvalidateRange((u32)m_dma_buffer_RX,SIZE_ARR*sizeof(unsigned int));
                                                    ^
../src/main.cc:82:5: error: 'axiTimer' was not declared in this scope
     axiTimer.stopTimer();
     ^
make: *** [src/main.o] Error 1
18:58:21 **** Auto Build of configuration Debug for project test_edge_detection ****
make pre-build main-build 
a9-linaro-pre-build-step
 
Building file: ../src/main.cc
Invoking: ARM v7 g++ compiler
arm-none-eabi-g++ -Wall -O0 -g3 -c -fmessage-length=0 -MT"src/main.o" -mcpu=cortex-a9 -mfpu=vfpv3 -mfloat-abi=hard -I../../test_edge_detection_bsp/ps7_cortexa9_0/include -MMD -MP -MF"src/main.d" -MT"src/main.o" -o "src/main.o" "../src/main.cc"
../src/main.cc: In function 'int main()':
../src/main.cc:60:18: error: 'i' was not declared in this scope
      inputImg_hw[i] = img[idx];
                  ^
../src/main.cc:60:23: error: 'img' was not declared in this scope
      inputImg_hw[i] = img[idx];
                       ^
../src/main.cc:63:5: error: 'AxiTimerHelper' was not declared in this scope
     AxiTimerHelper axiTimer;
     ^
../src/main.cc:82:52: error: 'SIZE_ARR' was not declared in this scope
     Xil_DCacheInvalidateRange((u32)m_dma_buffer_RX,SIZE_ARR*sizeof(unsigned int));
                                                    ^
make: *** [src/main.o] Error 1
18:58:24 **** Auto Build of configuration Debug for project test_edge_detection ****
make pre-build main-build 
a9-linaro-pre-build-step
 
Building file: ../src/main.cc
Invoking: ARM v7 g++ compiler
arm-none-eabi-g++ -Wall -O0 -g3 -c -fmessage-length=0 -MT"src/main.o" -mcpu=cortex-a9 -mfpu=vfpv3 -mfloat-abi=hard -I../../test_edge_detection_bsp/ps7_cortexa9_0/include -MMD -MP -MF"src/main.d" -MT"src/main.o" -o "src/main.o" "../src/main.cc"
../src/main.cc: In function 'int main()':
../src/main.cc:60:18: error: 'i' was not declared in this scope
      inputImg_hw[i] = img[idx];
                  ^
../src/main.cc:60:23: error: 'img' was not declared in this scope
      inputImg_hw[i] = img[idx];
                       ^
../src/main.cc:82:52: error: 'SIZE_ARR' was not declared in this scope
     Xil_DCacheInvalidateRange((u32)m_dma_buffer_RX,SIZE_ARR*sizeof(unsigned int));
                                                    ^
make: *** [src/main.o] Error 1
18:58:44 **** Auto Build of configuration Debug for project test_edge_detection ****
make pre-build main-build 
a9-linaro-pre-build-step
 
Building file: ../src/main.cc
Invoking: ARM v7 g++ compiler
arm-none-eabi-g++ -Wall -O0 -g3 -c -fmessage-length=0 -MT"src/main.o" -mcpu=cortex-a9 -mfpu=vfpv3 -mfloat-abi=hard -I../../test_edge_detection_bsp/ps7_cortexa9_0/include -MMD -MP -MF"src/main.d" -MT"src/main.o" -o "src/main.o" "../src/main.cc"
../src/main.cc: In function 'int main()':
../src/main.cc:60:18: error: 'i' was not declared in this scope
      inputImg_hw[i] = img[idx];
                  ^
../src/main.cc:60:23: error: 'img' was not declared in this scope
      inputImg_hw[i] = img[idx];
                       ^
make: *** [src/main.o] Error 1
19:01:46 **** Auto Build of configuration Debug for project test_edge_detection ****
make pre-build main-build 
a9-linaro-pre-build-step
 
Building file: ../src/main.cc
Invoking: ARM v7 g++ compiler
arm-none-eabi-g++ -Wall -O0 -g3 -c -fmessage-length=0 -MT"src/main.o" -mcpu=cortex-a9 -mfpu=vfpv3 -mfloat-abi=hard -I../../test_edge_detection_bsp/ps7_cortexa9_0/include -MMD -MP -MF"src/main.d" -MT"src/main.o" -o "src/main.o" "../src/main.cc"
../src/main.cc: In function 'int main()':
../src/main.cc:61:18: error: 'i' was not declared in this scope
      inputImg_hw[i] = img[idx];
                  ^
../src/main.cc:61:23: error: 'img' was not declared in this scope
      inputImg_hw[i] = img[idx];
                       ^
make: *** [src/main.o] Error 1
19:04:20 **** Auto Build of configuration Debug for project test_edge_detection ****
make pre-build main-build 
a9-linaro-pre-build-step
 
Building file: ../src/main.cc
Invoking: ARM v7 g++ compiler
arm-none-eabi-g++ -Wall -O0 -g3 -c -fmessage-length=0 -MT"src/main.o" -mcpu=cortex-a9 -mfpu=vfpv3 -mfloat-abi=hard -I../../test_edge_detection_bsp/ps7_cortexa9_0/include -MMD -MP -MF"src/main.d" -MT"src/main.o" -o "src/main.o" "../src/main.cc"
../src/main.cc: In function 'int main()':
../src/main.cc:61:18: error: 'i' was not declared in this scope
      inputImg_hw[i] = img[idx];
                  ^
../src/main.cc:61:23: error: 'img' was not declared in this scope
      inputImg_hw[i] = img[idx];
                       ^
make: *** [src/main.o] Error 1
19:04:53 **** Auto Build of configuration Debug for project test_edge_detection ****
make pre-build main-build 
a9-linaro-pre-build-step
 
Building file: ../src/main.cc
Invoking: ARM v7 g++ compiler
arm-none-eabi-g++ -Wall -O0 -g3 -c -fmessage-length=0 -MT"src/main.o" -mcpu=cortex-a9 -mfpu=vfpv3 -mfloat-abi=hard -I../../test_edge_detection_bsp/ps7_cortexa9_0/include -MMD -MP -MF"src/main.d" -MT"src/main.o" -o "src/main.o" "../src/main.cc"
../src/main.cc: In function 'int main()':
../src/main.cc:61:18: error: 'i' was not declared in this scope
      inputImg_hw[i] = img[idx];
                  ^
../src/main.cc:61:23: error: 'img' was not declared in this scope
      inputImg_hw[i] = img[idx];
                       ^
../src/main.cc:65:11: warning: unused variable 'tStart' [-Wunused-variable]
     XTime tStart, tEnd;
           ^
../src/main.cc:65:19: warning: unused variable 'tEnd' [-Wunused-variable]
     XTime tStart, tEnd;
                   ^
make: *** [src/main.o] Error 1
19:05:14 **** Auto Build of configuration Debug for project test_edge_detection ****
make pre-build main-build 
a9-linaro-pre-build-step
 
Building file: ../src/main.cc
Invoking: ARM v7 g++ compiler
arm-none-eabi-g++ -Wall -O0 -g3 -c -fmessage-length=0 -MT"src/main.o" -mcpu=cortex-a9 -mfpu=vfpv3 -mfloat-abi=hard -I../../test_edge_detection_bsp/ps7_cortexa9_0/include -MMD -MP -MF"src/main.d" -MT"src/main.o" -o "src/main.o" "../src/main.cc"
../src/main.cc: In function 'int main()':
../src/main.cc:61:18: error: 'i' was not declared in this scope
      inputImg_hw[i] = img[idx];
                  ^
../src/main.cc:61:23: error: 'img' was not declared in this scope
      inputImg_hw[i] = img[idx];
                       ^
../src/main.cc:65:19: warning: unused variable 'tEnd' [-Wunused-variable]
     XTime tStart, tEnd;
                   ^
make: *** [src/main.o] Error 1
19:07:23 **** Auto Build of configuration Debug for project test_edge_detection ****
make pre-build main-build 
a9-linaro-pre-build-step
 
Building file: ../src/main.cc
Invoking: ARM v7 g++ compiler
arm-none-eabi-g++ -Wall -O0 -g3 -c -fmessage-length=0 -MT"src/main.o" -mcpu=cortex-a9 -mfpu=vfpv3 -mfloat-abi=hard -I../../test_edge_detection_bsp/ps7_cortexa9_0/include -MMD -MP -MF"src/main.d" -MT"src/main.o" -o "src/main.o" "../src/main.cc"
../src/main.cc: In function 'int main()':
../src/main.cc:61:18: error: 'i' was not declared in this scope
      inputImg_hw[i] = img[idx];
                  ^
../src/main.cc:61:23: error: 'img' was not declared in this scope
      inputImg_hw[i] = img[idx];
                       ^
../src/main.cc:65:19: warning: unused variable 'tEnd' [-Wunused-variable]
     XTime tStart, tEnd;
                   ^
make: *** [src/main.o] Error 1
19:07:55 **** Auto Build of configuration Debug for project test_edge_detection ****
make pre-build main-build 
a9-linaro-pre-build-step
 
Building file: ../src/main.cc
Invoking: ARM v7 g++ compiler
arm-none-eabi-g++ -Wall -O0 -g3 -c -fmessage-length=0 -MT"src/main.o" -mcpu=cortex-a9 -mfpu=vfpv3 -mfloat-abi=hard -I../../test_edge_detection_bsp/ps7_cortexa9_0/include -MMD -MP -MF"src/main.d" -MT"src/main.o" -o "src/main.o" "../src/main.cc"
../src/main.cc: In function 'int main()':
../src/main.cc:61:18: error: 'i' was not declared in this scope
      inputImg_hw[i] = img[idx];
                  ^
../src/main.cc:61:23: error: 'img' was not declared in this scope
      inputImg_hw[i] = img[idx];
                       ^
make: *** [src/main.o] Error 1
19:44:34 **** Auto Build of configuration Debug for project test_edge_detection ****
make pre-build main-build 
a9-linaro-pre-build-step
 
Building file: ../src/main.cc
Invoking: ARM v7 g++ compiler
arm-none-eabi-g++ -Wall -O0 -g3 -c -fmessage-length=0 -MT"src/main.o" -mcpu=cortex-a9 -mfpu=vfpv3 -mfloat-abi=hard -I../../test_edge_detection_bsp/ps7_cortexa9_0/include -MMD -MP -MF"src/main.d" -MT"src/main.o" -o "src/main.o" "../src/main.cc"
../src/main.cc: In function 'int main()':
../src/main.cc:61:25: error: 'img' was not declared in this scope
      inputImg_hw[idx] = img[idx];
                         ^
make: *** [src/main.o] Error 1
19:45:42 **** Auto Build of configuration Debug for project test_edge_detection ****
make pre-build main-build 
a9-linaro-pre-build-step
 
Building file: ../src/main.cc
Invoking: ARM v7 g++ compiler
arm-none-eabi-g++ -Wall -O0 -g3 -c -fmessage-length=0 -MT"src/main.o" -mcpu=cortex-a9 -mfpu=vfpv3 -mfloat-abi=hard -I../../test_edge_detection_bsp/ps7_cortexa9_0/include -MMD -MP -MF"src/main.d" -MT"src/main.o" -o "src/main.o" "../src/main.cc"
../src/main.cc: In function 'int main()':
../src/main.cc:61:25: error: 'img' was not declared in this scope
      inputImg_hw[idx] = img[idx];
                         ^
make: *** [src/main.o] Error 1
19:46:21 **** Auto Build of configuration Debug for project test_edge_detection ****
make pre-build main-build 
a9-linaro-pre-build-step
 
Building file: ../src/main.cc
Invoking: ARM v7 g++ compiler
arm-none-eabi-g++ -Wall -O0 -g3 -c -fmessage-length=0 -MT"src/main.o" -mcpu=cortex-a9 -mfpu=vfpv3 -mfloat-abi=hard -I../../test_edge_detection_bsp/ps7_cortexa9_0/include -MMD -MP -MF"src/main.d" -MT"src/main.o" -o "src/main.o" "../src/main.cc"
../src/main.cc: In function 'int main()':
../src/main.cc:61:25: error: 'img' was not declared in this scope
      inputImg_hw[idx] = img[idx];
                         ^
make: *** [src/main.o] Error 1
19:46:23 **** Auto Build of configuration Debug for project test_edge_detection ****
make pre-build main-build 
a9-linaro-pre-build-step
 
Building file: ../src/main.cc
Invoking: ARM v7 g++ compiler
arm-none-eabi-g++ -Wall -O0 -g3 -c -fmessage-length=0 -MT"src/main.o" -mcpu=cortex-a9 -mfpu=vfpv3 -mfloat-abi=hard -I../../test_edge_detection_bsp/ps7_cortexa9_0/include -MMD -MP -MF"src/main.d" -MT"src/main.o" -o "src/main.o" "../src/main.cc"
../src/main.cc: In function 'int main()':
../src/main.cc:61:25: error: 'img' was not declared in this scope
      inputImg_hw[idx] = img[idx];
                         ^
make: *** [src/main.o] Error 1
19:47:22 **** Auto Build of configuration Debug for project test_edge_detection ****
make pre-build main-build 
a9-linaro-pre-build-step
 
Building file: ../src/main.cc
Invoking: ARM v7 g++ compiler
arm-none-eabi-g++ -Wall -O0 -g3 -c -fmessage-length=0 -MT"src/main.o" -mcpu=cortex-a9 -mfpu=vfpv3 -mfloat-abi=hard -I../../test_edge_detection_bsp/ps7_cortexa9_0/include -MMD -MP -MF"src/main.d" -MT"src/main.o" -o "src/main.o" "../src/main.cc"
../src/main.cc: In function 'int main()':
../src/main.cc:61:25: error: 'img' was not declared in this scope
      inputImg_hw[idx] = img[idx];
                         ^
../src/main.cc:93:2: error: expected primary-expression before 'return'
  return 0;
  ^
../src/main.cc:93:2: error: expected ')' before 'return'
make: *** [src/main.o] Error 1
19:47:36 **** Auto Build of configuration Debug for project test_edge_detection ****
make pre-build main-build 
a9-linaro-pre-build-step
 
Building file: ../src/main.cc
Invoking: ARM v7 g++ compiler
arm-none-eabi-g++ -Wall -O0 -g3 -c -fmessage-length=0 -MT"src/main.o" -mcpu=cortex-a9 -mfpu=vfpv3 -mfloat-abi=hard -I../../test_edge_detection_bsp/ps7_cortexa9_0/include -MMD -MP -MF"src/main.d" -MT"src/main.o" -o "src/main.o" "../src/main.cc"
../src/main.cc: In function 'int main()':
../src/main.cc:61:25: error: 'img' was not declared in this scope
      inputImg_hw[idx] = img[idx];
                         ^
make: *** [src/main.o] Error 1
19:48:57 **** Auto Build of configuration Debug for project test_edge_detection ****
make pre-build main-build 
a9-linaro-pre-build-step
 
Building file: ../src/main.cc
Invoking: ARM v7 g++ compiler
arm-none-eabi-g++ -Wall -O0 -g3 -c -fmessage-length=0 -MT"src/main.o" -mcpu=cortex-a9 -mfpu=vfpv3 -mfloat-abi=hard -I../../test_edge_detection_bsp/ps7_cortexa9_0/include -MMD -MP -MF"src/main.d" -MT"src/main.o" -o "src/main.o" "../src/main.cc"
Finished building: ../src/main.cc
 
Building target: test_edge_detection.elf
Invoking: ARM v7 g++ linker
arm-none-eabi-g++ -mcpu=cortex-a9 -mfpu=vfpv3 -mfloat-abi=hard -Wl,-build-id=none -specs=Xilinx.spec -Wl,-T -Wl,../src/lscript.ld -L../../test_edge_detection_bsp/ps7_cortexa9_0/lib -o "test_edge_detection.elf"  ./src/main.o   -Wl,--start-group,-lxil,-lgcc,-lc,-lstdc++,--end-group
Finished building target: test_edge_detection.elf
 
Invoking: ARM v7 Print Size
arm-none-eabi-size test_edge_detection.elf  |tee "test_edge_detection.elf.size"
   text	   data	    bss	    dec	    hex	filename
  92988	 199276	  74232	 366496	  597a0	test_edge_detection.elf
Finished building: test_edge_detection.elf.size
 
19:49:23 **** Incremental Build of configuration Debug for project test_edge_detection ****
make pre-build main-build 
a9-linaro-pre-build-step
 
make: Nothing to be done for `main-build'.
19:50:17 **** Auto Build of configuration Debug for project test_edge_detection ****
make pre-build main-build 
a9-linaro-pre-build-step
 
Building file: ../src/main.cc
Invoking: ARM v7 g++ compiler
arm-none-eabi-g++ -Wall -O0 -g3 -c -fmessage-length=0 -MT"src/main.o" -mcpu=cortex-a9 -mfpu=vfpv3 -mfloat-abi=hard -I../../test_edge_detection_bsp/ps7_cortexa9_0/include -MMD -MP -MF"src/main.d" -MT"src/main.o" -o "src/main.o" "../src/main.cc"
Finished building: ../src/main.cc
 
Building target: test_edge_detection.elf
Invoking: ARM v7 g++ linker
arm-none-eabi-g++ -mcpu=cortex-a9 -mfpu=vfpv3 -mfloat-abi=hard -Wl,-build-id=none -specs=Xilinx.spec -Wl,-T -Wl,../src/lscript.ld -L../../test_edge_detection_bsp/ps7_cortexa9_0/lib -o "test_edge_detection.elf"  ./src/main.o   -Wl,--start-group,-lxil,-lgcc,-lc,-lstdc++,--end-group
Finished building target: test_edge_detection.elf
 
Invoking: ARM v7 Print Size
arm-none-eabi-size test_edge_detection.elf  |tee "test_edge_detection.elf.size"
   text	   data	    bss	    dec	    hex	filename
  92988	 199276	  74232	 366496	  597a0	test_edge_detection.elf
Finished building: test_edge_detection.elf.size
 
19:50:38 **** Auto Build of configuration Debug for project test_edge_detection ****
make pre-build main-build 
a9-linaro-pre-build-step
 
Building file: ../src/main.cc
Invoking: ARM v7 g++ compiler
arm-none-eabi-g++ -Wall -O0 -g3 -c -fmessage-length=0 -MT"src/main.o" -mcpu=cortex-a9 -mfpu=vfpv3 -mfloat-abi=hard -I../../test_edge_detection_bsp/ps7_cortexa9_0/include -MMD -MP -MF"src/main.d" -MT"src/main.o" -o "src/main.o" "../src/main.cc"
Finished building: ../src/main.cc
 
Building target: test_edge_detection.elf
Invoking: ARM v7 g++ linker
arm-none-eabi-g++ -mcpu=cortex-a9 -mfpu=vfpv3 -mfloat-abi=hard -Wl,-build-id=none -specs=Xilinx.spec -Wl,-T -Wl,../src/lscript.ld -L../../test_edge_detection_bsp/ps7_cortexa9_0/lib -o "test_edge_detection.elf"  ./src/main.o   -Wl,--start-group,-lxil,-lgcc,-lc,-lstdc++,--end-group
Finished building target: test_edge_detection.elf
 
Invoking: ARM v7 Print Size
arm-none-eabi-size test_edge_detection.elf  |tee "test_edge_detection.elf.size"
   text	   data	    bss	    dec	    hex	filename
  92988	 199276	  74232	 366496	  597a0	test_edge_detection.elf
Finished building: test_edge_detection.elf.size
 
19:50:46 **** Auto Build of configuration Debug for project test_edge_detection ****
make pre-build main-build 
a9-linaro-pre-build-step
 
Building file: ../src/main.cc
Invoking: ARM v7 g++ compiler
arm-none-eabi-g++ -Wall -O0 -g3 -c -fmessage-length=0 -MT"src/main.o" -mcpu=cortex-a9 -mfpu=vfpv3 -mfloat-abi=hard -I../../test_edge_detection_bsp/ps7_cortexa9_0/include -MMD -MP -MF"src/main.d" -MT"src/main.o" -o "src/main.o" "../src/main.cc"
Finished building: ../src/main.cc
 
Building target: test_edge_detection.elf
Invoking: ARM v7 g++ linker
arm-none-eabi-g++ -mcpu=cortex-a9 -mfpu=vfpv3 -mfloat-abi=hard -Wl,-build-id=none -specs=Xilinx.spec -Wl,-T -Wl,../src/lscript.ld -L../../test_edge_detection_bsp/ps7_cortexa9_0/lib -o "test_edge_detection.elf"  ./src/main.o   -Wl,--start-group,-lxil,-lgcc,-lc,-lstdc++,--end-group
Finished building target: test_edge_detection.elf
 
Invoking: ARM v7 Print Size
arm-none-eabi-size test_edge_detection.elf  |tee "test_edge_detection.elf.size"
   text	   data	    bss	    dec	    hex	filename
  92988	 199276	  74232	 366496	  597a0	test_edge_detection.elf
Finished building: test_edge_detection.elf.size
 
19:50:53 **** Incremental Build of configuration Debug for project test_edge_detection ****
make pre-build main-build 
a9-linaro-pre-build-step
 
make: Nothing to be done for `main-build'.
19:51:09 **** Incremental Build of configuration Debug for project test_edge_detection ****
make pre-build main-build 
a9-linaro-pre-build-step
 
make: Nothing to be done for `main-build'.
20:07:51 **** Auto Build of configuration Debug for project test_edge_detection ****
make pre-build main-build 
a9-linaro-pre-build-step
 
Building file: ../src/main.cc
Invoking: ARM v7 g++ compiler
arm-none-eabi-g++ -Wall -O0 -g3 -c -fmessage-length=0 -MT"src/main.o" -mcpu=cortex-a9 -mfpu=vfpv3 -mfloat-abi=hard -I../../test_edge_detection_bsp/ps7_cortexa9_0/include -MMD -MP -MF"src/main.d" -MT"src/main.o" -o "src/main.o" "../src/main.cc"
Finished building: ../src/main.cc
 
Building target: test_edge_detection.elf
Invoking: ARM v7 g++ linker
arm-none-eabi-g++ -mcpu=cortex-a9 -mfpu=vfpv3 -mfloat-abi=hard -Wl,-build-id=none -specs=Xilinx.spec -Wl,-T -Wl,../src/lscript.ld -L../../test_edge_detection_bsp/ps7_cortexa9_0/lib -o "test_edge_detection.elf"  ./src/main.o   -Wl,--start-group,-lxil,-lgcc,-lc,-lstdc++,--end-group
Finished building target: test_edge_detection.elf
 
Invoking: ARM v7 Print Size
arm-none-eabi-size test_edge_detection.elf  |tee "test_edge_detection.elf.size"
   text	   data	    bss	    dec	    hex	filename
  92988	 199276	  74232	 366496	  597a0	test_edge_detection.elf
Finished building: test_edge_detection.elf.size
 
20:07:57 **** Auto Build of configuration Debug for project test_edge_detection ****
make pre-build main-build 
a9-linaro-pre-build-step
 
Building file: ../src/main.cc
Invoking: ARM v7 g++ compiler
arm-none-eabi-g++ -Wall -O0 -g3 -c -fmessage-length=0 -MT"src/main.o" -mcpu=cortex-a9 -mfpu=vfpv3 -mfloat-abi=hard -I../../test_edge_detection_bsp/ps7_cortexa9_0/include -MMD -MP -MF"src/main.d" -MT"src/main.o" -o "src/main.o" "../src/main.cc"
Finished building: ../src/main.cc
 
Building target: test_edge_detection.elf
Invoking: ARM v7 g++ linker
arm-none-eabi-g++ -mcpu=cortex-a9 -mfpu=vfpv3 -mfloat-abi=hard -Wl,-build-id=none -specs=Xilinx.spec -Wl,-T -Wl,../src/lscript.ld -L../../test_edge_detection_bsp/ps7_cortexa9_0/lib -o "test_edge_detection.elf"  ./src/main.o   -Wl,--start-group,-lxil,-lgcc,-lc,-lstdc++,--end-group
Finished building target: test_edge_detection.elf
 
Invoking: ARM v7 Print Size
arm-none-eabi-size test_edge_detection.elf  |tee "test_edge_detection.elf.size"
   text	   data	    bss	    dec	    hex	filename
  92988	 199276	  74232	 366496	  597a0	test_edge_detection.elf
Finished building: test_edge_detection.elf.size
 
20:17:34 **** Incremental Build of configuration Debug for project test_edge_detection ****
make pre-build main-build 
a9-linaro-pre-build-step
 
make: Nothing to be done for `main-build'.
21:17:00 **** Incremental Build of configuration Debug for project test_edge_detection ****
make pre-build main-build 
a9-linaro-pre-build-step
 
make: Nothing to be done for `main-build'.
21:17:30 **** Incremental Build of configuration Debug for project test_edge_detection ****
make pre-build main-build 
a9-linaro-pre-build-step
 
make: Nothing to be done for `main-build'.
22:53:30 **** Build of project Hollo_world_bsp ****
make -k all 
Running Make include in ps7_cortexa9_0/libsrc/coresightps_dcc_v1_3/src
make -C ps7_cortexa9_0/libsrc/coresightps_dcc_v1_3/src -s include  "SHELL=/bin/sh" "COMPILER=arm-none-eabi-gcc" "ARCHIVER=arm-none-eabi-ar" "COMPILER_FLAGS=  -O2 -c" "EXTRA_COMPILER_FLAGS=-mcpu=cortex-a9 -mfpu=vfpv3 -mfloat-abi=hard -nostartfiles"
Running Make include in ps7_cortexa9_0/libsrc/cpu_cortexa9_v2_3/src
make -C ps7_cortexa9_0/libsrc/cpu_cortexa9_v2_3/src -s include  "SHELL=/bin/sh" "COMPILER=arm-none-eabi-gcc" "ARCHIVER=arm-none-eabi-ar" "COMPILER_FLAGS=  -O2 -c" "EXTRA_COMPILER_FLAGS=-mcpu=cortex-a9 -mfpu=vfpv3 -mfloat-abi=hard -nostartfiles"
Running Make include in ps7_cortexa9_0/libsrc/ddrps_v1_0/src
make -C ps7_cortexa9_0/libsrc/ddrps_v1_0/src -s include  "SHELL=/bin/sh" "COMPILER=arm-none-eabi-gcc" "ARCHIVER=arm-none-eabi-ar" "COMPILER_FLAGS=  -O2 -c" "EXTRA_COMPILER_FLAGS=-mcpu=cortex-a9 -mfpu=vfpv3 -mfloat-abi=hard -nostartfiles"
Running Make include in ps7_cortexa9_0/libsrc/devcfg_v3_4/src
make -C ps7_cortexa9_0/libsrc/devcfg_v3_4/src -s include  "SHELL=/bin/sh" "COMPILER=arm-none-eabi-gcc" "ARCHIVER=arm-none-eabi-ar" "COMPILER_FLAGS=  -O2 -c" "EXTRA_COMPILER_FLAGS=-mcpu=cortex-a9 -mfpu=vfpv3 -mfloat-abi=hard -nostartfiles"
Running Make include in ps7_cortexa9_0/libsrc/dmaps_v2_3/src
make -C ps7_cortexa9_0/libsrc/dmaps_v2_3/src -s include  "SHELL=/bin/sh" "COMPILER=arm-none-eabi-gcc" "ARCHIVER=arm-none-eabi-ar" "COMPILER_FLAGS=  -O2 -c" "EXTRA_COMPILER_FLAGS=-mcpu=cortex-a9 -mfpu=vfpv3 -mfloat-abi=hard -nostartfiles"
Running Make include in ps7_cortexa9_0/libsrc/emacps_v3_3/src
make -C ps7_cortexa9_0/libsrc/emacps_v3_3/src -s include  "SHELL=/bin/sh" "COMPILER=arm-none-eabi-gcc" "ARCHIVER=arm-none-eabi-ar" "COMPILER_FLAGS=  -O2 -c" "EXTRA_COMPILER_FLAGS=-mcpu=cortex-a9 -mfpu=vfpv3 -mfloat-abi=hard -nostartfiles"
Running Make include in ps7_cortexa9_0/libsrc/gpiops_v3_1/src
make -C ps7_cortexa9_0/libsrc/gpiops_v3_1/src -s include  "SHELL=/bin/sh" "COMPILER=arm-none-eabi-gcc" "ARCHIVER=arm-none-eabi-ar" "COMPILER_FLAGS=  -O2 -c" "EXTRA_COMPILER_FLAGS=-mcpu=cortex-a9 -mfpu=vfpv3 -mfloat-abi=hard -nostartfiles"
Running Make include in ps7_cortexa9_0/libsrc/qspips_v3_3/src
make -C ps7_cortexa9_0/libsrc/qspips_v3_3/src -s include  "SHELL=/bin/sh" "COMPILER=arm-none-eabi-gcc" "ARCHIVER=arm-none-eabi-ar" "COMPILER_FLAGS=  -O2 -c" "EXTRA_COMPILER_FLAGS=-mcpu=cortex-a9 -mfpu=vfpv3 -mfloat-abi=hard -nostartfiles"
Running Make include in ps7_cortexa9_0/libsrc/scugic_v3_5/src
make -C ps7_cortexa9_0/libsrc/scugic_v3_5/src -s include  "SHELL=/bin/sh" "COMPILER=arm-none-eabi-gcc" "ARCHIVER=arm-none-eabi-ar" "COMPILER_FLAGS=  -O2 -c" "EXTRA_COMPILER_FLAGS=-mcpu=cortex-a9 -mfpu=vfpv3 -mfloat-abi=hard -nostartfiles"
Running Make include in ps7_cortexa9_0/libsrc/scutimer_v2_1/src
make -C ps7_cortexa9_0/libsrc/scutimer_v2_1/src -s include  "SHELL=/bin/sh" "COMPILER=arm-none-eabi-gcc" "ARCHIVER=arm-none-eabi-ar" "COMPILER_FLAGS=  -O2 -c" "EXTRA_COMPILER_FLAGS=-mcpu=cortex-a9 -mfpu=vfpv3 -mfloat-abi=hard -nostartfiles"
Running Make include in ps7_cortexa9_0/libsrc/scuwdt_v2_1/src
make -C ps7_cortexa9_0/libsrc/scuwdt_v2_1/src -s include  "SHELL=/bin/sh" "COMPILER=arm-none-eabi-gcc" "ARCHIVER=arm-none-eabi-ar" "COMPILER_FLAGS=  -O2 -c" "EXTRA_COMPILER_FLAGS=-mcpu=cortex-a9 -mfpu=vfpv3 -mfloat-abi=hard -nostartfiles"
Running Make include in ps7_cortexa9_0/libsrc/sdps_v3_1/src
make -C ps7_cortexa9_0/libsrc/sdps_v3_1/src -s include  "SHELL=/bin/sh" "COMPILER=arm-none-eabi-gcc" "ARCHIVER=arm-none-eabi-ar" "COMPILER_FLAGS=  -O2 -c" "EXTRA_COMPILER_FLAGS=-mcpu=cortex-a9 -mfpu=vfpv3 -mfloat-abi=hard -nostartfiles"
Running Make include in ps7_cortexa9_0/libsrc/standalone_v6_1/src
make -C ps7_cortexa9_0/libsrc/standalone_v6_1/src -s include  "SHELL=/bin/sh" "COMPILER=arm-none-eabi-gcc" "ARCHIVER=arm-none-eabi-ar" "COMPILER_FLAGS=  -O2 -c" "EXTRA_COMPILER_FLAGS=-mcpu=cortex-a9 -mfpu=vfpv3 -mfloat-abi=hard -nostartfiles"
Running Make include in ps7_cortexa9_0/libsrc/ttcps_v3_2/src
make -C ps7_cortexa9_0/libsrc/ttcps_v3_2/src -s include  "SHELL=/bin/sh" "COMPILER=arm-none-eabi-gcc" "ARCHIVER=arm-none-eabi-ar" "COMPILER_FLAGS=  -O2 -c" "EXTRA_COMPILER_FLAGS=-mcpu=cortex-a9 -mfpu=vfpv3 -mfloat-abi=hard -nostartfiles"
Running Make include in ps7_cortexa9_0/libsrc/uartps_v3_3/src
make -C ps7_cortexa9_0/libsrc/uartps_v3_3/src -s include  "SHELL=/bin/sh" "COMPILER=arm-none-eabi-gcc" "ARCHIVER=arm-none-eabi-ar" "COMPILER_FLAGS=  -O2 -c" "EXTRA_COMPILER_FLAGS=-mcpu=cortex-a9 -mfpu=vfpv3 -mfloat-abi=hard -nostartfiles"
Running Make include in ps7_cortexa9_0/libsrc/usbps_v2_4/src
make -C ps7_cortexa9_0/libsrc/usbps_v2_4/src -s include  "SHELL=/bin/sh" "COMPILER=arm-none-eabi-gcc" "ARCHIVER=arm-none-eabi-ar" "COMPILER_FLAGS=  -O2 -c" "EXTRA_COMPILER_FLAGS=-mcpu=cortex-a9 -mfpu=vfpv3 -mfloat-abi=hard -nostartfiles"
Running Make include in ps7_cortexa9_0/libsrc/xadcps_v2_2/src
make -C ps7_cortexa9_0/libsrc/xadcps_v2_2/src -s include  "SHELL=/bin/sh" "COMPILER=arm-none-eabi-gcc" "ARCHIVER=arm-none-eabi-ar" "COMPILER_FLAGS=  -O2 -c" "EXTRA_COMPILER_FLAGS=-mcpu=cortex-a9 -mfpu=vfpv3 -mfloat-abi=hard -nostartfiles"
Running Make libs in ps7_cortexa9_0/libsrc/coresightps_dcc_v1_3/src
make -C ps7_cortexa9_0/libsrc/coresightps_dcc_v1_3/src -s libs  "SHELL=/bin/sh" "COMPILER=arm-none-eabi-gcc" "ARCHIVER=arm-none-eabi-ar" "COMPILER_FLAGS=  -O2 -c" "EXTRA_COMPILER_FLAGS=-mcpu=cortex-a9 -mfpu=vfpv3 -mfloat-abi=hard -nostartfiles"
Compiling coresightps_dcc
arm-none-eabi-ar: creating ../../../lib/libxil.a
Running Make libs in ps7_cortexa9_0/libsrc/cpu_cortexa9_v2_3/src
make -C ps7_cortexa9_0/libsrc/cpu_cortexa9_v2_3/src -s libs  "SHELL=/bin/sh" "COMPILER=arm-none-eabi-gcc" "ARCHIVER=arm-none-eabi-ar" "COMPILER_FLAGS=  -O2 -c" "EXTRA_COMPILER_FLAGS=-mcpu=cortex-a9 -mfpu=vfpv3 -mfloat-abi=hard -nostartfiles"
Compiling cpu_cortexa9
Running Make libs in ps7_cortexa9_0/libsrc/ddrps_v1_0/src
make -C ps7_cortexa9_0/libsrc/ddrps_v1_0/src -s libs  "SHELL=/bin/sh" "COMPILER=arm-none-eabi-gcc" "ARCHIVER=arm-none-eabi-ar" "COMPILER_FLAGS=  -O2 -c" "EXTRA_COMPILER_FLAGS=-mcpu=cortex-a9 -mfpu=vfpv3 -mfloat-abi=hard -nostartfiles"
Compiling ddrps
Running Make libs in ps7_cortexa9_0/libsrc/devcfg_v3_4/src
make -C ps7_cortexa9_0/libsrc/devcfg_v3_4/src -s libs  "SHELL=/bin/sh" "COMPILER=arm-none-eabi-gcc" "ARCHIVER=arm-none-eabi-ar" "COMPILER_FLAGS=  -O2 -c" "EXTRA_COMPILER_FLAGS=-mcpu=cortex-a9 -mfpu=vfpv3 -mfloat-abi=hard -nostartfiles"
Compiling devcfg
Running Make libs in ps7_cortexa9_0/libsrc/dmaps_v2_3/src
make -C ps7_cortexa9_0/libsrc/dmaps_v2_3/src -s libs  "SHELL=/bin/sh" "COMPILER=arm-none-eabi-gcc" "ARCHIVER=arm-none-eabi-ar" "COMPILER_FLAGS=  -O2 -c" "EXTRA_COMPILER_FLAGS=-mcpu=cortex-a9 -mfpu=vfpv3 -mfloat-abi=hard -nostartfiles"
Compiling dmaps
Running Make libs in ps7_cortexa9_0/libsrc/emacps_v3_3/src
make -C ps7_cortexa9_0/libsrc/emacps_v3_3/src -s libs  "SHELL=/bin/sh" "COMPILER=arm-none-eabi-gcc" "ARCHIVER=arm-none-eabi-ar" "COMPILER_FLAGS=  -O2 -c" "EXTRA_COMPILER_FLAGS=-mcpu=cortex-a9 -mfpu=vfpv3 -mfloat-abi=hard -nostartfiles"
Compiling emacps
Running Make libs in ps7_cortexa9_0/libsrc/gpiops_v3_1/src
make -C ps7_cortexa9_0/libsrc/gpiops_v3_1/src -s libs  "SHELL=/bin/sh" "COMPILER=arm-none-eabi-gcc" "ARCHIVER=arm-none-eabi-ar" "COMPILER_FLAGS=  -O2 -c" "EXTRA_COMPILER_FLAGS=-mcpu=cortex-a9 -mfpu=vfpv3 -mfloat-abi=hard -nostartfiles"
Compiling gpiops
Running Make libs in ps7_cortexa9_0/libsrc/qspips_v3_3/src
make -C ps7_cortexa9_0/libsrc/qspips_v3_3/src -s libs  "SHELL=/bin/sh" "COMPILER=arm-none-eabi-gcc" "ARCHIVER=arm-none-eabi-ar" "COMPILER_FLAGS=  -O2 -c" "EXTRA_COMPILER_FLAGS=-mcpu=cortex-a9 -mfpu=vfpv3 -mfloat-abi=hard -nostartfiles"
Compiling qspips
Running Make libs in ps7_cortexa9_0/libsrc/scugic_v3_5/src
make -C ps7_cortexa9_0/libsrc/scugic_v3_5/src -s libs  "SHELL=/bin/sh" "COMPILER=arm-none-eabi-gcc" "ARCHIVER=arm-none-eabi-ar" "COMPILER_FLAGS=  -O2 -c" "EXTRA_COMPILER_FLAGS=-mcpu=cortex-a9 -mfpu=vfpv3 -mfloat-abi=hard -nostartfiles"
Compiling scugic
Running Make libs in ps7_cortexa9_0/libsrc/scutimer_v2_1/src
make -C ps7_cortexa9_0/libsrc/scutimer_v2_1/src -s libs  "SHELL=/bin/sh" "COMPILER=arm-none-eabi-gcc" "ARCHIVER=arm-none-eabi-ar" "COMPILER_FLAGS=  -O2 -c" "EXTRA_COMPILER_FLAGS=-mcpu=cortex-a9 -mfpu=vfpv3 -mfloat-abi=hard -nostartfiles"
Compiling scutimer
Running Make libs in ps7_cortexa9_0/libsrc/scuwdt_v2_1/src
make -C ps7_cortexa9_0/libsrc/scuwdt_v2_1/src -s libs  "SHELL=/bin/sh" "COMPILER=arm-none-eabi-gcc" "ARCHIVER=arm-none-eabi-ar" "COMPILER_FLAGS=  -O2 -c" "EXTRA_COMPILER_FLAGS=-mcpu=cortex-a9 -mfpu=vfpv3 -mfloat-abi=hard -nostartfiles"
Compiling scuwdt
Running Make libs in ps7_cortexa9_0/libsrc/sdps_v3_1/src
make -C ps7_cortexa9_0/libsrc/sdps_v3_1/src -s libs  "SHELL=/bin/sh" "COMPILER=arm-none-eabi-gcc" "ARCHIVER=arm-none-eabi-ar" "COMPILER_FLAGS=  -O2 -c" "EXTRA_COMPILER_FLAGS=-mcpu=cortex-a9 -mfpu=vfpv3 -mfloat-abi=hard -nostartfiles"
Compiling sdps
Running Make libs in ps7_cortexa9_0/libsrc/standalone_v6_1/src
make -C ps7_cortexa9_0/libsrc/standalone_v6_1/src -s libs  "SHELL=/bin/sh" "COMPILER=arm-none-eabi-gcc" "ARCHIVER=arm-none-eabi-ar" "COMPILER_FLAGS=  -O2 -c" "EXTRA_COMPILER_FLAGS=-mcpu=cortex-a9 -mfpu=vfpv3 -mfloat-abi=hard -nostartfiles"
Compiling standalone
Running Make libs in ps7_cortexa9_0/libsrc/ttcps_v3_2/src
make -C ps7_cortexa9_0/libsrc/ttcps_v3_2/src -s libs  "SHELL=/bin/sh" "COMPILER=arm-none-eabi-gcc" "ARCHIVER=arm-none-eabi-ar" "COMPILER_FLAGS=  -O2 -c" "EXTRA_COMPILER_FLAGS=-mcpu=cortex-a9 -mfpu=vfpv3 -mfloat-abi=hard -nostartfiles"
Compiling ttcps
Running Make libs in ps7_cortexa9_0/libsrc/uartps_v3_3/src
make -C ps7_cortexa9_0/libsrc/uartps_v3_3/src -s libs  "SHELL=/bin/sh" "COMPILER=arm-none-eabi-gcc" "ARCHIVER=arm-none-eabi-ar" "COMPILER_FLAGS=  -O2 -c" "EXTRA_COMPILER_FLAGS=-mcpu=cortex-a9 -mfpu=vfpv3 -mfloat-abi=hard -nostartfiles"
Compiling uartps
Running Make libs in ps7_cortexa9_0/libsrc/usbps_v2_4/src
make -C ps7_cortexa9_0/libsrc/usbps_v2_4/src -s libs  "SHELL=/bin/sh" "COMPILER=arm-none-eabi-gcc" "ARCHIVER=arm-none-eabi-ar" "COMPILER_FLAGS=  -O2 -c" "EXTRA_COMPILER_FLAGS=-mcpu=cortex-a9 -mfpu=vfpv3 -mfloat-abi=hard -nostartfiles"
Compiling usbps
Running Make libs in ps7_cortexa9_0/libsrc/xadcps_v2_2/src
make -C ps7_cortexa9_0/libsrc/xadcps_v2_2/src -s libs  "SHELL=/bin/sh" "COMPILER=arm-none-eabi-gcc" "ARCHIVER=arm-none-eabi-ar" "COMPILER_FLAGS=  -O2 -c" "EXTRA_COMPILER_FLAGS=-mcpu=cortex-a9 -mfpu=vfpv3 -mfloat-abi=hard -nostartfiles"
Compiling xadcps
Finished building libraries
22:53:49 **** Build of configuration Debug for project Hollo_world ****
make pre-build main-build 
a9-linaro-pre-build-step
 
Building file: ../src/helloworld.c
Invoking: ARM v7 gcc compiler
arm-none-eabi-gcc -Wall -O0 -g3 -c -fmessage-length=0 -MT"src/helloworld.o" -mcpu=cortex-a9 -mfpu=vfpv3 -mfloat-abi=hard -I/home/jsk_027/hello_world/Hollo_world_bsp/ps7_cortexa9_0/include -MMD -MP -MF"src/helloworld.d" -MT"src/helloworld.o" -o "src/helloworld.o" "../src/helloworld.c"
Finished building: ../src/helloworld.c
 
Building file: ../src/platform.c
Invoking: ARM v7 gcc compiler
arm-none-eabi-gcc -Wall -O0 -g3 -c -fmessage-length=0 -MT"src/platform.o" -mcpu=cortex-a9 -mfpu=vfpv3 -mfloat-abi=hard -I/home/jsk_027/hello_world/Hollo_world_bsp/ps7_cortexa9_0/include -MMD -MP -MF"src/platform.d" -MT"src/platform.o" -o "src/platform.o" "../src/platform.c"
Finished building: ../src/platform.c
 
Building file: ../Hollo_world_bsp/ps7_cortexa9_0/libsrc/xadcps_v2_2/src/xadcps.c
Invoking: ARM v7 gcc compiler
arm-none-eabi-gcc -Wall -O0 -g3 -c -fmessage-length=0 -MT"Hollo_world_bsp/ps7_cortexa9_0/libsrc/xadcps_v2_2/src/xadcps.o" -mcpu=cortex-a9 -mfpu=vfpv3 -mfloat-abi=hard -I/home/jsk_027/hello_world/Hollo_world_bsp/ps7_cortexa9_0/include -MMD -MP -MF"Hollo_world_bsp/ps7_cortexa9_0/libsrc/xadcps_v2_2/src/xadcps.d" -MT"Hollo_world_bsp/ps7_cortexa9_0/libsrc/xadcps_v2_2/src/xadcps.o" -o "Hollo_world_bsp/ps7_cortexa9_0/libsrc/xadcps_v2_2/src/xadcps.o" "../Hollo_world_bsp/ps7_cortexa9_0/libsrc/xadcps_v2_2/src/xadcps.c"
Finished building: ../Hollo_world_bsp/ps7_cortexa9_0/libsrc/xadcps_v2_2/src/xadcps.c
 
Building file: ../Hollo_world_bsp/ps7_cortexa9_0/libsrc/xadcps_v2_2/src/xadcps_g.c
Invoking: ARM v7 gcc compiler
arm-none-eabi-gcc -Wall -O0 -g3 -c -fmessage-length=0 -MT"Hollo_world_bsp/ps7_cortexa9_0/libsrc/xadcps_v2_2/src/xadcps_g.o" -mcpu=cortex-a9 -mfpu=vfpv3 -mfloat-abi=hard -I/home/jsk_027/hello_world/Hollo_world_bsp/ps7_cortexa9_0/include -MMD -MP -MF"Hollo_world_bsp/ps7_cortexa9_0/libsrc/xadcps_v2_2/src/xadcps_g.d" -MT"Hollo_world_bsp/ps7_cortexa9_0/libsrc/xadcps_v2_2/src/xadcps_g.o" -o "Hollo_world_bsp/ps7_cortexa9_0/libsrc/xadcps_v2_2/src/xadcps_g.o" "../Hollo_world_bsp/ps7_cortexa9_0/libsrc/xadcps_v2_2/src/xadcps_g.c"
Finished building: ../Hollo_world_bsp/ps7_cortexa9_0/libsrc/xadcps_v2_2/src/xadcps_g.c
 
Building file: ../Hollo_world_bsp/ps7_cortexa9_0/libsrc/xadcps_v2_2/src/xadcps_intr.c
Invoking: ARM v7 gcc compiler
arm-none-eabi-gcc -Wall -O0 -g3 -c -fmessage-length=0 -MT"Hollo_world_bsp/ps7_cortexa9_0/libsrc/xadcps_v2_2/src/xadcps_intr.o" -mcpu=cortex-a9 -mfpu=vfpv3 -mfloat-abi=hard -I/home/jsk_027/hello_world/Hollo_world_bsp/ps7_cortexa9_0/include -MMD -MP -MF"Hollo_world_bsp/ps7_cortexa9_0/libsrc/xadcps_v2_2/src/xadcps_intr.d" -MT"Hollo_world_bsp/ps7_cortexa9_0/libsrc/xadcps_v2_2/src/xadcps_intr.o" -o "Hollo_world_bsp/ps7_cortexa9_0/libsrc/xadcps_v2_2/src/xadcps_intr.o" "../Hollo_world_bsp/ps7_cortexa9_0/libsrc/xadcps_v2_2/src/xadcps_intr.c"
Finished building: ../Hollo_world_bsp/ps7_cortexa9_0/libsrc/xadcps_v2_2/src/xadcps_intr.c
 
Building file: ../Hollo_world_bsp/ps7_cortexa9_0/libsrc/xadcps_v2_2/src/xadcps_selftest.c
Invoking: ARM v7 gcc compiler
arm-none-eabi-gcc -Wall -O0 -g3 -c -fmessage-length=0 -MT"Hollo_world_bsp/ps7_cortexa9_0/libsrc/xadcps_v2_2/src/xadcps_selftest.o" -mcpu=cortex-a9 -mfpu=vfpv3 -mfloat-abi=hard -I/home/jsk_027/hello_world/Hollo_world_bsp/ps7_cortexa9_0/include -MMD -MP -MF"Hollo_world_bsp/ps7_cortexa9_0/libsrc/xadcps_v2_2/src/xadcps_selftest.d" -MT"Hollo_world_bsp/ps7_cortexa9_0/libsrc/xadcps_v2_2/src/xadcps_selftest.o" -o "Hollo_world_bsp/ps7_cortexa9_0/libsrc/xadcps_v2_2/src/xadcps_selftest.o" "../Hollo_world_bsp/ps7_cortexa9_0/libsrc/xadcps_v2_2/src/xadcps_selftest.c"
Finished building: ../Hollo_world_bsp/ps7_cortexa9_0/libsrc/xadcps_v2_2/src/xadcps_selftest.c
 
Building file: ../Hollo_world_bsp/ps7_cortexa9_0/libsrc/xadcps_v2_2/src/xadcps_sinit.c
Invoking: ARM v7 gcc compiler
arm-none-eabi-gcc -Wall -O0 -g3 -c -fmessage-length=0 -MT"Hollo_world_bsp/ps7_cortexa9_0/libsrc/xadcps_v2_2/src/xadcps_sinit.o" -mcpu=cortex-a9 -mfpu=vfpv3 -mfloat-abi=hard -I/home/jsk_027/hello_world/Hollo_world_bsp/ps7_cortexa9_0/include -MMD -MP -MF"Hollo_world_bsp/ps7_cortexa9_0/libsrc/xadcps_v2_2/src/xadcps_sinit.d" -MT"Hollo_world_bsp/ps7_cortexa9_0/libsrc/xadcps_v2_2/src/xadcps_sinit.o" -o "Hollo_world_bsp/ps7_cortexa9_0/libsrc/xadcps_v2_2/src/xadcps_sinit.o" "../Hollo_world_bsp/ps7_cortexa9_0/libsrc/xadcps_v2_2/src/xadcps_sinit.c"
Finished building: ../Hollo_world_bsp/ps7_cortexa9_0/libsrc/xadcps_v2_2/src/xadcps_sinit.c
 
Building file: ../Hollo_world_bsp/ps7_cortexa9_0/libsrc/usbps_v2_4/src/xusbps.c
Invoking: ARM v7 gcc compiler
arm-none-eabi-gcc -Wall -O0 -g3 -c -fmessage-length=0 -MT"Hollo_world_bsp/ps7_cortexa9_0/libsrc/usbps_v2_4/src/xusbps.o" -mcpu=cortex-a9 -mfpu=vfpv3 -mfloat-abi=hard -I/home/jsk_027/hello_world/Hollo_world_bsp/ps7_cortexa9_0/include -MMD -MP -MF"Hollo_world_bsp/ps7_cortexa9_0/libsrc/usbps_v2_4/src/xusbps.d" -MT"Hollo_world_bsp/ps7_cortexa9_0/libsrc/usbps_v2_4/src/xusbps.o" -o "Hollo_world_bsp/ps7_cortexa9_0/libsrc/usbps_v2_4/src/xusbps.o" "../Hollo_world_bsp/ps7_cortexa9_0/libsrc/usbps_v2_4/src/xusbps.c"
Finished building: ../Hollo_world_bsp/ps7_cortexa9_0/libsrc/usbps_v2_4/src/xusbps.c
 
Building file: ../Hollo_world_bsp/ps7_cortexa9_0/libsrc/usbps_v2_4/src/xusbps_endpoint.c
Invoking: ARM v7 gcc compiler
arm-none-eabi-gcc -Wall -O0 -g3 -c -fmessage-length=0 -MT"Hollo_world_bsp/ps7_cortexa9_0/libsrc/usbps_v2_4/src/xusbps_endpoint.o" -mcpu=cortex-a9 -mfpu=vfpv3 -mfloat-abi=hard -I/home/jsk_027/hello_world/Hollo_world_bsp/ps7_cortexa9_0/include -MMD -MP -MF"Hollo_world_bsp/ps7_cortexa9_0/libsrc/usbps_v2_4/src/xusbps_endpoint.d" -MT"Hollo_world_bsp/ps7_cortexa9_0/libsrc/usbps_v2_4/src/xusbps_endpoint.o" -o "Hollo_world_bsp/ps7_cortexa9_0/libsrc/usbps_v2_4/src/xusbps_endpoint.o" "../Hollo_world_bsp/ps7_cortexa9_0/libsrc/usbps_v2_4/src/xusbps_endpoint.c"
Finished building: ../Hollo_world_bsp/ps7_cortexa9_0/libsrc/usbps_v2_4/src/xusbps_endpoint.c
 
Building file: ../Hollo_world_bsp/ps7_cortexa9_0/libsrc/usbps_v2_4/src/xusbps_g.c
Invoking: ARM v7 gcc compiler
arm-none-eabi-gcc -Wall -O0 -g3 -c -fmessage-length=0 -MT"Hollo_world_bsp/ps7_cortexa9_0/libsrc/usbps_v2_4/src/xusbps_g.o" -mcpu=cortex-a9 -mfpu=vfpv3 -mfloat-abi=hard -I/home/jsk_027/hello_world/Hollo_world_bsp/ps7_cortexa9_0/include -MMD -MP -MF"Hollo_world_bsp/ps7_cortexa9_0/libsrc/usbps_v2_4/src/xusbps_g.d" -MT"Hollo_world_bsp/ps7_cortexa9_0/libsrc/usbps_v2_4/src/xusbps_g.o" -o "Hollo_world_bsp/ps7_cortexa9_0/libsrc/usbps_v2_4/src/xusbps_g.o" "../Hollo_world_bsp/ps7_cortexa9_0/libsrc/usbps_v2_4/src/xusbps_g.c"
Finished building: ../Hollo_world_bsp/ps7_cortexa9_0/libsrc/usbps_v2_4/src/xusbps_g.c
 
Building file: ../Hollo_world_bsp/ps7_cortexa9_0/libsrc/usbps_v2_4/src/xusbps_hw.c
Invoking: ARM v7 gcc compiler
arm-none-eabi-gcc -Wall -O0 -g3 -c -fmessage-length=0 -MT"Hollo_world_bsp/ps7_cortexa9_0/libsrc/usbps_v2_4/src/xusbps_hw.o" -mcpu=cortex-a9 -mfpu=vfpv3 -mfloat-abi=hard -I/home/jsk_027/hello_world/Hollo_world_bsp/ps7_cortexa9_0/include -MMD -MP -MF"Hollo_world_bsp/ps7_cortexa9_0/libsrc/usbps_v2_4/src/xusbps_hw.d" -MT"Hollo_world_bsp/ps7_cortexa9_0/libsrc/usbps_v2_4/src/xusbps_hw.o" -o "Hollo_world_bsp/ps7_cortexa9_0/libsrc/usbps_v2_4/src/xusbps_hw.o" "../Hollo_world_bsp/ps7_cortexa9_0/libsrc/usbps_v2_4/src/xusbps_hw.c"
Finished building: ../Hollo_world_bsp/ps7_cortexa9_0/libsrc/usbps_v2_4/src/xusbps_hw.c
 
Building file: ../Hollo_world_bsp/ps7_cortexa9_0/libsrc/usbps_v2_4/src/xusbps_intr.c
Invoking: ARM v7 gcc compiler
arm-none-eabi-gcc -Wall -O0 -g3 -c -fmessage-length=0 -MT"Hollo_world_bsp/ps7_cortexa9_0/libsrc/usbps_v2_4/src/xusbps_intr.o" -mcpu=cortex-a9 -mfpu=vfpv3 -mfloat-abi=hard -I/home/jsk_027/hello_world/Hollo_world_bsp/ps7_cortexa9_0/include -MMD -MP -MF"Hollo_world_bsp/ps7_cortexa9_0/libsrc/usbps_v2_4/src/xusbps_intr.d" -MT"Hollo_world_bsp/ps7_cortexa9_0/libsrc/usbps_v2_4/src/xusbps_intr.o" -o "Hollo_world_bsp/ps7_cortexa9_0/libsrc/usbps_v2_4/src/xusbps_intr.o" "../Hollo_world_bsp/ps7_cortexa9_0/libsrc/usbps_v2_4/src/xusbps_intr.c"
Finished building: ../Hollo_world_bsp/ps7_cortexa9_0/libsrc/usbps_v2_4/src/xusbps_intr.c
 
Building file: ../Hollo_world_bsp/ps7_cortexa9_0/libsrc/usbps_v2_4/src/xusbps_sinit.c
Invoking: ARM v7 gcc compiler
arm-none-eabi-gcc -Wall -O0 -g3 -c -fmessage-length=0 -MT"Hollo_world_bsp/ps7_cortexa9_0/libsrc/usbps_v2_4/src/xusbps_sinit.o" -mcpu=cortex-a9 -mfpu=vfpv3 -mfloat-abi=hard -I/home/jsk_027/hello_world/Hollo_world_bsp/ps7_cortexa9_0/include -MMD -MP -MF"Hollo_world_bsp/ps7_cortexa9_0/libsrc/usbps_v2_4/src/xusbps_sinit.d" -MT"Hollo_world_bsp/ps7_cortexa9_0/libsrc/usbps_v2_4/src/xusbps_sinit.o" -o "Hollo_world_bsp/ps7_cortexa9_0/libsrc/usbps_v2_4/src/xusbps_sinit.o" "../Hollo_world_bsp/ps7_cortexa9_0/libsrc/usbps_v2_4/src/xusbps_sinit.c"
Finished building: ../Hollo_world_bsp/ps7_cortexa9_0/libsrc/usbps_v2_4/src/xusbps_sinit.c
 
Building file: ../Hollo_world_bsp/ps7_cortexa9_0/libsrc/uartps_v3_3/src/xuartps.c
Invoking: ARM v7 gcc compiler
arm-none-eabi-gcc -Wall -O0 -g3 -c -fmessage-length=0 -MT"Hollo_world_bsp/ps7_cortexa9_0/libsrc/uartps_v3_3/src/xuartps.o" -mcpu=cortex-a9 -mfpu=vfpv3 -mfloat-abi=hard -I/home/jsk_027/hello_world/Hollo_world_bsp/ps7_cortexa9_0/include -MMD -MP -MF"Hollo_world_bsp/ps7_cortexa9_0/libsrc/uartps_v3_3/src/xuartps.d" -MT"Hollo_world_bsp/ps7_cortexa9_0/libsrc/uartps_v3_3/src/xuartps.o" -o "Hollo_world_bsp/ps7_cortexa9_0/libsrc/uartps_v3_3/src/xuartps.o" "../Hollo_world_bsp/ps7_cortexa9_0/libsrc/uartps_v3_3/src/xuartps.c"
../Hollo_world_bsp/ps7_cortexa9_0/libsrc/uartps_v3_3/src/xuartps.c: In function 'XUartPs_StubHandler':
[...]
Invoking: ARM v7 Print Size
arm-none-eabi-size test_edge_detection.elf  |tee "test_edge_detection.elf.size"
   text	   data	    bss	    dec	    hex	filename
  93116	 199276	  74232	 366624	  59820	test_edge_detection.elf
Finished building: test_edge_detection.elf.size
 
01:32:55 **** Auto Build of configuration Debug for project test_edge_detection ****
make pre-build main-build 
a9-linaro-pre-build-step
 
Building file: ../src/main.cc
Invoking: ARM v7 g++ compiler
arm-none-eabi-g++ -Wall -O0 -g3 -c -fmessage-length=0 -MT"src/main.o" -mcpu=cortex-a9 -mfpu=vfpv3 -mfloat-abi=hard -I../../test_edge_detection_bsp/ps7_cortexa9_0/include -MMD -MP -MF"src/main.d" -MT"src/main.o" -o "src/main.o" "../src/main.cc"
../src/main.cc: In function 'int main()':
../src/main.cc:64:9: warning: unused variable 'idx2' [-Wunused-variable]
     int idx2 = 0;
         ^
Finished building: ../src/main.cc
 
Building target: test_edge_detection.elf
Invoking: ARM v7 g++ linker
arm-none-eabi-g++ -mcpu=cortex-a9 -mfpu=vfpv3 -mfloat-abi=hard -Wl,-build-id=none -specs=Xilinx.spec -Wl,-T -Wl,../src/lscript.ld -L../../test_edge_detection_bsp/ps7_cortexa9_0/lib -o "test_edge_detection.elf"  ./src/main.o   -Wl,--start-group,-lxil,-lgcc,-lc,-lstdc++,--end-group
Finished building target: test_edge_detection.elf
 
Invoking: ARM v7 Print Size
arm-none-eabi-size test_edge_detection.elf  |tee "test_edge_detection.elf.size"
   text	   data	    bss	    dec	    hex	filename
  93116	 199276	  74232	 366624	  59820	test_edge_detection.elf
Finished building: test_edge_detection.elf.size
 
01:34:20 **** Auto Build of configuration Debug for project test_edge_detection ****
make pre-build main-build 
a9-linaro-pre-build-step
 
Building file: ../src/main.cc
Invoking: ARM v7 g++ compiler
arm-none-eabi-g++ -Wall -O0 -g3 -c -fmessage-length=0 -MT"src/main.o" -mcpu=cortex-a9 -mfpu=vfpv3 -mfloat-abi=hard -I../../test_edge_detection_bsp/ps7_cortexa9_0/include -MMD -MP -MF"src/main.d" -MT"src/main.o" -o "src/main.o" "../src/main.cc"
../src/main.cc: In function 'int main()':
../src/main.cc:71:6: error: 'idx2' was not declared in this scope
      idx2 = idx2+3;
      ^
make: *** [src/main.o] Error 1
01:34:28 **** Auto Build of configuration Debug for project test_edge_detection ****
make pre-build main-build 
a9-linaro-pre-build-step
 
Building file: ../src/main.cc
Invoking: ARM v7 g++ compiler
arm-none-eabi-g++ -Wall -O0 -g3 -c -fmessage-length=0 -MT"src/main.o" -mcpu=cortex-a9 -mfpu=vfpv3 -mfloat-abi=hard -I../../test_edge_detection_bsp/ps7_cortexa9_0/include -MMD -MP -MF"src/main.d" -MT"src/main.o" -o "src/main.o" "../src/main.cc"
Finished building: ../src/main.cc
 
Building target: test_edge_detection.elf
Invoking: ARM v7 g++ linker
arm-none-eabi-g++ -mcpu=cortex-a9 -mfpu=vfpv3 -mfloat-abi=hard -Wl,-build-id=none -specs=Xilinx.spec -Wl,-T -Wl,../src/lscript.ld -L../../test_edge_detection_bsp/ps7_cortexa9_0/lib -o "test_edge_detection.elf"  ./src/main.o   -Wl,--start-group,-lxil,-lgcc,-lc,-lstdc++,--end-group
Finished building target: test_edge_detection.elf
 
Invoking: ARM v7 Print Size
arm-none-eabi-size test_edge_detection.elf  |tee "test_edge_detection.elf.size"
   text	   data	    bss	    dec	    hex	filename
  93116	 199276	  74232	 366624	  59820	test_edge_detection.elf
Finished building: test_edge_detection.elf.size
 
01:34:57 **** Auto Build of configuration Debug for project test_edge_detection ****
make pre-build main-build 
a9-linaro-pre-build-step
 
Building file: ../src/main.cc
Invoking: ARM v7 g++ compiler
arm-none-eabi-g++ -Wall -O0 -g3 -c -fmessage-length=0 -MT"src/main.o" -mcpu=cortex-a9 -mfpu=vfpv3 -mfloat-abi=hard -I../../test_edge_detection_bsp/ps7_cortexa9_0/include -MMD -MP -MF"src/main.d" -MT"src/main.o" -o "src/main.o" "../src/main.cc"
Finished building: ../src/main.cc
 
Building target: test_edge_detection.elf
Invoking: ARM v7 g++ linker
arm-none-eabi-g++ -mcpu=cortex-a9 -mfpu=vfpv3 -mfloat-abi=hard -Wl,-build-id=none -specs=Xilinx.spec -Wl,-T -Wl,../src/lscript.ld -L../../test_edge_detection_bsp/ps7_cortexa9_0/lib -o "test_edge_detection.elf"  ./src/main.o   -Wl,--start-group,-lxil,-lgcc,-lc,-lstdc++,--end-group
Finished building target: test_edge_detection.elf
 
Invoking: ARM v7 Print Size
arm-none-eabi-size test_edge_detection.elf  |tee "test_edge_detection.elf.size"
   text	   data	    bss	    dec	    hex	filename
  93116	 199276	  41464	 333856	  51820	test_edge_detection.elf
Finished building: test_edge_detection.elf.size
 
01:35:12 **** Auto Build of configuration Debug for project test_edge_detection ****
make pre-build main-build 
a9-linaro-pre-build-step
 
Building file: ../src/main.cc
Invoking: ARM v7 g++ compiler
arm-none-eabi-g++ -Wall -O0 -g3 -c -fmessage-length=0 -MT"src/main.o" -mcpu=cortex-a9 -mfpu=vfpv3 -mfloat-abi=hard -I../../test_edge_detection_bsp/ps7_cortexa9_0/include -MMD -MP -MF"src/main.d" -MT"src/main.o" -o "src/main.o" "../src/main.cc"
Finished building: ../src/main.cc
 
Building target: test_edge_detection.elf
Invoking: ARM v7 g++ linker
arm-none-eabi-g++ -mcpu=cortex-a9 -mfpu=vfpv3 -mfloat-abi=hard -Wl,-build-id=none -specs=Xilinx.spec -Wl,-T -Wl,../src/lscript.ld -L../../test_edge_detection_bsp/ps7_cortexa9_0/lib -o "test_edge_detection.elf"  ./src/main.o   -Wl,--start-group,-lxil,-lgcc,-lc,-lstdc++,--end-group
Finished building target: test_edge_detection.elf
 
Invoking: ARM v7 Print Size
arm-none-eabi-size test_edge_detection.elf  |tee "test_edge_detection.elf.size"
   text	   data	    bss	    dec	    hex	filename
  93116	 199276	  90616	 383008	  5d820	test_edge_detection.elf
Finished building: test_edge_detection.elf.size
 
01:50:44 **** Incremental Build of configuration Debug for project test_edge_detection ****
make pre-build main-build 
a9-linaro-pre-build-step
 
make: Nothing to be done for `main-build'.
01:51:19 **** Incremental Build of configuration Debug for project test_edge_detection ****
make pre-build main-build 
a9-linaro-pre-build-step
 
make: Nothing to be done for `main-build'.
01:52:01 **** Incremental Build of configuration Debug for project test_edge_detection ****
make pre-build main-build 
a9-linaro-pre-build-step
 
make: Nothing to be done for `main-build'.
01:54:10 **** Incremental Build of configuration Debug for project test_edge_detection ****
make pre-build main-build 
a9-linaro-pre-build-step
 
make: Nothing to be done for `main-build'.
14:29:02 **** Build of project test_edge_detection_bsp ****
make -k all 
Running Make include in ps7_cortexa9_0/libsrc/axidma_v9_3/src
make -C ps7_cortexa9_0/libsrc/axidma_v9_3/src -s include  "SHELL=/bin/sh" "COMPILER=arm-none-eabi-gcc" "ARCHIVER=arm-none-eabi-ar" "COMPILER_FLAGS=  -O2 -c" "EXTRA_COMPILER_FLAGS=-mcpu=cortex-a9 -mfpu=vfpv3 -mfloat-abi=hard -nostartfiles"
Running Make include in ps7_cortexa9_0/libsrc/coresightps_dcc_v1_3/src
make -C ps7_cortexa9_0/libsrc/coresightps_dcc_v1_3/src -s include  "SHELL=/bin/sh" "COMPILER=arm-none-eabi-gcc" "ARCHIVER=arm-none-eabi-ar" "COMPILER_FLAGS=  -O2 -c" "EXTRA_COMPILER_FLAGS=-mcpu=cortex-a9 -mfpu=vfpv3 -mfloat-abi=hard -nostartfiles"
Running Make include in ps7_cortexa9_0/libsrc/cpu_cortexa9_v2_3/src
make -C ps7_cortexa9_0/libsrc/cpu_cortexa9_v2_3/src -s include  "SHELL=/bin/sh" "COMPILER=arm-none-eabi-gcc" "ARCHIVER=arm-none-eabi-ar" "COMPILER_FLAGS=  -O2 -c" "EXTRA_COMPILER_FLAGS=-mcpu=cortex-a9 -mfpu=vfpv3 -mfloat-abi=hard -nostartfiles"
Running Make include in ps7_cortexa9_0/libsrc/ddrps_v1_0/src
make -C ps7_cortexa9_0/libsrc/ddrps_v1_0/src -s include  "SHELL=/bin/sh" "COMPILER=arm-none-eabi-gcc" "ARCHIVER=arm-none-eabi-ar" "COMPILER_FLAGS=  -O2 -c" "EXTRA_COMPILER_FLAGS=-mcpu=cortex-a9 -mfpu=vfpv3 -mfloat-abi=hard -nostartfiles"
Running Make include in ps7_cortexa9_0/libsrc/devcfg_v3_4/src
make -C ps7_cortexa9_0/libsrc/devcfg_v3_4/src -s include  "SHELL=/bin/sh" "COMPILER=arm-none-eabi-gcc" "ARCHIVER=arm-none-eabi-ar" "COMPILER_FLAGS=  -O2 -c" "EXTRA_COMPILER_FLAGS=-mcpu=cortex-a9 -mfpu=vfpv3 -mfloat-abi=hard -nostartfiles"
Running Make include in ps7_cortexa9_0/libsrc/dmaps_v2_3/src
make -C ps7_cortexa9_0/libsrc/dmaps_v2_3/src -s include  "SHELL=/bin/sh" "COMPILER=arm-none-eabi-gcc" "ARCHIVER=arm-none-eabi-ar" "COMPILER_FLAGS=  -O2 -c" "EXTRA_COMPILER_FLAGS=-mcpu=cortex-a9 -mfpu=vfpv3 -mfloat-abi=hard -nostartfiles"
Running Make include in ps7_cortexa9_0/libsrc/edge_detect_v1_0/src
make -C ps7_cortexa9_0/libsrc/edge_detect_v1_0/src -s include  "SHELL=/bin/sh" "COMPILER=arm-none-eabi-gcc" "ARCHIVER=arm-none-eabi-ar" "COMPILER_FLAGS=  -O2 -c" "EXTRA_COMPILER_FLAGS=-mcpu=cortex-a9 -mfpu=vfpv3 -mfloat-abi=hard -nostartfiles"
Running Make include in ps7_cortexa9_0/libsrc/emacps_v3_3/src
make -C ps7_cortexa9_0/libsrc/emacps_v3_3/src -s include  "SHELL=/bin/sh" "COMPILER=arm-none-eabi-gcc" "ARCHIVER=arm-none-eabi-ar" "COMPILER_FLAGS=  -O2 -c" "EXTRA_COMPILER_FLAGS=-mcpu=cortex-a9 -mfpu=vfpv3 -mfloat-abi=hard -nostartfiles"
Running Make include in ps7_cortexa9_0/libsrc/gpiops_v3_1/src
make -C ps7_cortexa9_0/libsrc/gpiops_v3_1/src -s include  "SHELL=/bin/sh" "COMPILER=arm-none-eabi-gcc" "ARCHIVER=arm-none-eabi-ar" "COMPILER_FLAGS=  -O2 -c" "EXTRA_COMPILER_FLAGS=-mcpu=cortex-a9 -mfpu=vfpv3 -mfloat-abi=hard -nostartfiles"
Running Make include in ps7_cortexa9_0/libsrc/qspips_v3_3/src
make -C ps7_cortexa9_0/libsrc/qspips_v3_3/src -s include  "SHELL=/bin/sh" "COMPILER=arm-none-eabi-gcc" "ARCHIVER=arm-none-eabi-ar" "COMPILER_FLAGS=  -O2 -c" "EXTRA_COMPILER_FLAGS=-mcpu=cortex-a9 -mfpu=vfpv3 -mfloat-abi=hard -nostartfiles"
Running Make include in ps7_cortexa9_0/libsrc/scugic_v3_5/src
make -C ps7_cortexa9_0/libsrc/scugic_v3_5/src -s include  "SHELL=/bin/sh" "COMPILER=arm-none-eabi-gcc" "ARCHIVER=arm-none-eabi-ar" "COMPILER_FLAGS=  -O2 -c" "EXTRA_COMPILER_FLAGS=-mcpu=cortex-a9 -mfpu=vfpv3 -mfloat-abi=hard -nostartfiles"
Running Make include in ps7_cortexa9_0/libsrc/scutimer_v2_1/src
make -C ps7_cortexa9_0/libsrc/scutimer_v2_1/src -s include  "SHELL=/bin/sh" "COMPILER=arm-none-eabi-gcc" "ARCHIVER=arm-none-eabi-ar" "COMPILER_FLAGS=  -O2 -c" "EXTRA_COMPILER_FLAGS=-mcpu=cortex-a9 -mfpu=vfpv3 -mfloat-abi=hard -nostartfiles"
Running Make include in ps7_cortexa9_0/libsrc/scuwdt_v2_1/src
make -C ps7_cortexa9_0/libsrc/scuwdt_v2_1/src -s include  "SHELL=/bin/sh" "COMPILER=arm-none-eabi-gcc" "ARCHIVER=arm-none-eabi-ar" "COMPILER_FLAGS=  -O2 -c" "EXTRA_COMPILER_FLAGS=-mcpu=cortex-a9 -mfpu=vfpv3 -mfloat-abi=hard -nostartfiles"
Running Make include in ps7_cortexa9_0/libsrc/sdps_v3_1/src
make -C ps7_cortexa9_0/libsrc/sdps_v3_1/src -s include  "SHELL=/bin/sh" "COMPILER=arm-none-eabi-gcc" "ARCHIVER=arm-none-eabi-ar" "COMPILER_FLAGS=  -O2 -c" "EXTRA_COMPILER_FLAGS=-mcpu=cortex-a9 -mfpu=vfpv3 -mfloat-abi=hard -nostartfiles"
Running Make include in ps7_cortexa9_0/libsrc/standalone_v6_1/src
make -C ps7_cortexa9_0/libsrc/standalone_v6_1/src -s include  "SHELL=/bin/sh" "COMPILER=arm-none-eabi-gcc" "ARCHIVER=arm-none-eabi-ar" "COMPILER_FLAGS=  -O2 -c" "EXTRA_COMPILER_FLAGS=-mcpu=cortex-a9 -mfpu=vfpv3 -mfloat-abi=hard -nostartfiles"
Running Make include in ps7_cortexa9_0/libsrc/tmrctr_v4_2/src
make -C ps7_cortexa9_0/libsrc/tmrctr_v4_2/src -s include  "SHELL=/bin/sh" "COMPILER=arm-none-eabi-gcc" "ARCHIVER=arm-none-eabi-ar" "COMPILER_FLAGS=  -O2 -c" "EXTRA_COMPILER_FLAGS=-mcpu=cortex-a9 -mfpu=vfpv3 -mfloat-abi=hard -nostartfiles"
Running Make include in ps7_cortexa9_0/libsrc/ttcps_v3_2/src
make -C ps7_cortexa9_0/libsrc/ttcps_v3_2/src -s include  "SHELL=/bin/sh" "COMPILER=arm-none-eabi-gcc" "ARCHIVER=arm-none-eabi-ar" "COMPILER_FLAGS=  -O2 -c" "EXTRA_COMPILER_FLAGS=-mcpu=cortex-a9 -mfpu=vfpv3 -mfloat-abi=hard -nostartfiles"
Running Make include in ps7_cortexa9_0/libsrc/uartps_v3_3/src
make -C ps7_cortexa9_0/libsrc/uartps_v3_3/src -s include  "SHELL=/bin/sh" "COMPILER=arm-none-eabi-gcc" "ARCHIVER=arm-none-eabi-ar" "COMPILER_FLAGS=  -O2 -c" "EXTRA_COMPILER_FLAGS=-mcpu=cortex-a9 -mfpu=vfpv3 -mfloat-abi=hard -nostartfiles"
Running Make include in ps7_cortexa9_0/libsrc/usbps_v2_4/src
make -C ps7_cortexa9_0/libsrc/usbps_v2_4/src -s include  "SHELL=/bin/sh" "COMPILER=arm-none-eabi-gcc" "ARCHIVER=arm-none-eabi-ar" "COMPILER_FLAGS=  -O2 -c" "EXTRA_COMPILER_FLAGS=-mcpu=cortex-a9 -mfpu=vfpv3 -mfloat-abi=hard -nostartfiles"
Running Make include in ps7_cortexa9_0/libsrc/xadcps_v2_2/src
make -C ps7_cortexa9_0/libsrc/xadcps_v2_2/src -s include  "SHELL=/bin/sh" "COMPILER=arm-none-eabi-gcc" "ARCHIVER=arm-none-eabi-ar" "COMPILER_FLAGS=  -O2 -c" "EXTRA_COMPILER_FLAGS=-mcpu=cortex-a9 -mfpu=vfpv3 -mfloat-abi=hard -nostartfiles"
Running Make libs in ps7_cortexa9_0/libsrc/axidma_v9_3/src
make -C ps7_cortexa9_0/libsrc/axidma_v9_3/src -s libs  "SHELL=/bin/sh" "COMPILER=arm-none-eabi-gcc" "ARCHIVER=arm-none-eabi-ar" "COMPILER_FLAGS=  -O2 -c" "EXTRA_COMPILER_FLAGS=-mcpu=cortex-a9 -mfpu=vfpv3 -mfloat-abi=hard -nostartfiles"
Compiling axidma
Running Make libs in ps7_cortexa9_0/libsrc/coresightps_dcc_v1_3/src
make -C ps7_cortexa9_0/libsrc/coresightps_dcc_v1_3/src -s libs  "SHELL=/bin/sh" "COMPILER=arm-none-eabi-gcc" "ARCHIVER=arm-none-eabi-ar" "COMPILER_FLAGS=  -O2 -c" "EXTRA_COMPILER_FLAGS=-mcpu=cortex-a9 -mfpu=vfpv3 -mfloat-abi=hard -nostartfiles"
Compiling coresightps_dcc
Running Make libs in ps7_cortexa9_0/libsrc/cpu_cortexa9_v2_3/src
make -C ps7_cortexa9_0/libsrc/cpu_cortexa9_v2_3/src -s libs  "SHELL=/bin/sh" "COMPILER=arm-none-eabi-gcc" "ARCHIVER=arm-none-eabi-ar" "COMPILER_FLAGS=  -O2 -c" "EXTRA_COMPILER_FLAGS=-mcpu=cortex-a9 -mfpu=vfpv3 -mfloat-abi=hard -nostartfiles"
Compiling cpu_cortexa9
Running Make libs in ps7_cortexa9_0/libsrc/ddrps_v1_0/src
make -C ps7_cortexa9_0/libsrc/ddrps_v1_0/src -s libs  "SHELL=/bin/sh" "COMPILER=arm-none-eabi-gcc" "ARCHIVER=arm-none-eabi-ar" "COMPILER_FLAGS=  -O2 -c" "EXTRA_COMPILER_FLAGS=-mcpu=cortex-a9 -mfpu=vfpv3 -mfloat-abi=hard -nostartfiles"
Compiling ddrps
Running Make libs in ps7_cortexa9_0/libsrc/devcfg_v3_4/src
make -C ps7_cortexa9_0/libsrc/devcfg_v3_4/src -s libs  "SHELL=/bin/sh" "COMPILER=arm-none-eabi-gcc" "ARCHIVER=arm-none-eabi-ar" "COMPILER_FLAGS=  -O2 -c" "EXTRA_COMPILER_FLAGS=-mcpu=cortex-a9 -mfpu=vfpv3 -mfloat-abi=hard -nostartfiles"
Compiling devcfg
Running Make libs in ps7_cortexa9_0/libsrc/dmaps_v2_3/src
make -C ps7_cortexa9_0/libsrc/dmaps_v2_3/src -s libs  "SHELL=/bin/sh" "COMPILER=arm-none-eabi-gcc" "ARCHIVER=arm-none-eabi-ar" "COMPILER_FLAGS=  -O2 -c" "EXTRA_COMPILER_FLAGS=-mcpu=cortex-a9 -mfpu=vfpv3 -mfloat-abi=hard -nostartfiles"
Compiling dmaps
Running Make libs in ps7_cortexa9_0/libsrc/edge_detect_v1_0/src
make -C ps7_cortexa9_0/libsrc/edge_detect_v1_0/src -s libs  "SHELL=/bin/sh" "COMPILER=arm-none-eabi-gcc" "ARCHIVER=arm-none-eabi-ar" "COMPILER_FLAGS=  -O2 -c" "EXTRA_COMPILER_FLAGS=-mcpu=cortex-a9 -mfpu=vfpv3 -mfloat-abi=hard -nostartfiles"
Compiling edge_detect
Running Make libs in ps7_cortexa9_0/libsrc/emacps_v3_3/src
make -C ps7_cortexa9_0/libsrc/emacps_v3_3/src -s libs  "SHELL=/bin/sh" "COMPILER=arm-none-eabi-gcc" "ARCHIVER=arm-none-eabi-ar" "COMPILER_FLAGS=  -O2 -c" "EXTRA_COMPILER_FLAGS=-mcpu=cortex-a9 -mfpu=vfpv3 -mfloat-abi=hard -nostartfiles"
Compiling emacps
Running Make libs in ps7_cortexa9_0/libsrc/gpiops_v3_1/src
make -C ps7_cortexa9_0/libsrc/gpiops_v3_1/src -s libs  "SHELL=/bin/sh" "COMPILER=arm-none-eabi-gcc" "ARCHIVER=arm-none-eabi-ar" "COMPILER_FLAGS=  -O2 -c" "EXTRA_COMPILER_FLAGS=-mcpu=cortex-a9 -mfpu=vfpv3 -mfloat-abi=hard -nostartfiles"
Compiling gpiops
Running Make libs in ps7_cortexa9_0/libsrc/qspips_v3_3/src
make -C ps7_cortexa9_0/libsrc/qspips_v3_3/src -s libs  "SHELL=/bin/sh" "COMPILER=arm-none-eabi-gcc" "ARCHIVER=arm-none-eabi-ar" "COMPILER_FLAGS=  -O2 -c" "EXTRA_COMPILER_FLAGS=-mcpu=cortex-a9 -mfpu=vfpv3 -mfloat-abi=hard -nostartfiles"
Compiling qspips
Running Make libs in ps7_cortexa9_0/libsrc/scugic_v3_5/src
make -C ps7_cortexa9_0/libsrc/scugic_v3_5/src -s libs  "SHELL=/bin/sh" "COMPILER=arm-none-eabi-gcc" "ARCHIVER=arm-none-eabi-ar" "COMPILER_FLAGS=  -O2 -c" "EXTRA_COMPILER_FLAGS=-mcpu=cortex-a9 -mfpu=vfpv3 -mfloat-abi=hard -nostartfiles"
Compiling scugic
Running Make libs in ps7_cortexa9_0/libsrc/scutimer_v2_1/src
make -C ps7_cortexa9_0/libsrc/scutimer_v2_1/src -s libs  "SHELL=/bin/sh" "COMPILER=arm-none-eabi-gcc" "ARCHIVER=arm-none-eabi-ar" "COMPILER_FLAGS=  -O2 -c" "EXTRA_COMPILER_FLAGS=-mcpu=cortex-a9 -mfpu=vfpv3 -mfloat-abi=hard -nostartfiles"
Compiling scutimer
Running Make libs in ps7_cortexa9_0/libsrc/scuwdt_v2_1/src
make -C ps7_cortexa9_0/libsrc/scuwdt_v2_1/src -s libs  "SHELL=/bin/sh" "COMPILER=arm-none-eabi-gcc" "ARCHIVER=arm-none-eabi-ar" "COMPILER_FLAGS=  -O2 -c" "EXTRA_COMPILER_FLAGS=-mcpu=cortex-a9 -mfpu=vfpv3 -mfloat-abi=hard -nostartfiles"
Compiling scuwdt
Running Make libs in ps7_cortexa9_0/libsrc/sdps_v3_1/src
make -C ps7_cortexa9_0/libsrc/sdps_v3_1/src -s libs  "SHELL=/bin/sh" "COMPILER=arm-none-eabi-gcc" "ARCHIVER=arm-none-eabi-ar" "COMPILER_FLAGS=  -O2 -c" "EXTRA_COMPILER_FLAGS=-mcpu=cortex-a9 -mfpu=vfpv3 -mfloat-abi=hard -nostartfiles"
Compiling sdps
Running Make libs in ps7_cortexa9_0/libsrc/standalone_v6_1/src
make -C ps7_cortexa9_0/libsrc/standalone_v6_1/src -s libs  "SHELL=/bin/sh" "COMPILER=arm-none-eabi-gcc" "ARCHIVER=arm-none-eabi-ar" "COMPILER_FLAGS=  -O2 -c" "EXTRA_COMPILER_FLAGS=-mcpu=cortex-a9 -mfpu=vfpv3 -mfloat-abi=hard -nostartfiles"
Compiling standalone
Running Make libs in ps7_cortexa9_0/libsrc/tmrctr_v4_2/src
make -C ps7_cortexa9_0/libsrc/tmrctr_v4_2/src -s libs  "SHELL=/bin/sh" "COMPILER=arm-none-eabi-gcc" "ARCHIVER=arm-none-eabi-ar" "COMPILER_FLAGS=  -O2 -c" "EXTRA_COMPILER_FLAGS=-mcpu=cortex-a9 -mfpu=vfpv3 -mfloat-abi=hard -nostartfiles"
Compiling tmrctr
Running Make libs in ps7_cortexa9_0/libsrc/ttcps_v3_2/src
make -C ps7_cortexa9_0/libsrc/ttcps_v3_2/src -s libs  "SHELL=/bin/sh" "COMPILER=arm-none-eabi-gcc" "ARCHIVER=arm-none-eabi-ar" "COMPILER_FLAGS=  -O2 -c" "EXTRA_COMPILER_FLAGS=-mcpu=cortex-a9 -mfpu=vfpv3 -mfloat-abi=hard -nostartfiles"
Compiling ttcps
Running Make libs in ps7_cortexa9_0/libsrc/uartps_v3_3/src
make -C ps7_cortexa9_0/libsrc/uartps_v3_3/src -s libs  "SHELL=/bin/sh" "COMPILER=arm-none-eabi-gcc" "ARCHIVER=arm-none-eabi-ar" "COMPILER_FLAGS=  -O2 -c" "EXTRA_COMPILER_FLAGS=-mcpu=cortex-a9 -mfpu=vfpv3 -mfloat-abi=hard -nostartfiles"
Compiling uartps
Running Make libs in ps7_cortexa9_0/libsrc/usbps_v2_4/src
make -C ps7_cortexa9_0/libsrc/usbps_v2_4/src -s libs  "SHELL=/bin/sh" "COMPILER=arm-none-eabi-gcc" "ARCHIVER=arm-none-eabi-ar" "COMPILER_FLAGS=  -O2 -c" "EXTRA_COMPILER_FLAGS=-mcpu=cortex-a9 -mfpu=vfpv3 -mfloat-abi=hard -nostartfiles"
Compiling usbps
Running Make libs in ps7_cortexa9_0/libsrc/xadcps_v2_2/src
make -C ps7_cortexa9_0/libsrc/xadcps_v2_2/src -s libs  "SHELL=/bin/sh" "COMPILER=arm-none-eabi-gcc" "ARCHIVER=arm-none-eabi-ar" "COMPILER_FLAGS=  -O2 -c" "EXTRA_COMPILER_FLAGS=-mcpu=cortex-a9 -mfpu=vfpv3 -mfloat-abi=hard -nostartfiles"
Compiling xadcps
Finished building libraries
14:29:23 **** Build of configuration Debug for project test_edge_detection ****
make pre-build main-build 
a9-linaro-pre-build-step
 
Building file: ../src/main.cc
Invoking: ARM v7 g++ compiler
arm-none-eabi-g++ -Wall -O0 -g3 -c -fmessage-length=0 -MT"src/main.o" -mcpu=cortex-a9 -mfpu=vfpv3 -mfloat-abi=hard -I../../test_edge_detection_bsp/ps7_cortexa9_0/include -MMD -MP -MF"src/main.d" -MT"src/main.o" -o "src/main.o" "../src/main.cc"
Finished building: ../src/main.cc
 
Building target: test_edge_detection.elf
Invoking: ARM v7 g++ linker
arm-none-eabi-g++ -mcpu=cortex-a9 -mfpu=vfpv3 -mfloat-abi=hard -Wl,-build-id=none -specs=Xilinx.spec -Wl,-T -Wl,../src/lscript.ld -L../../test_edge_detection_bsp/ps7_cortexa9_0/lib -o "test_edge_detection.elf"  ./src/main.o   -Wl,--start-group,-lxil,-lgcc,-lc,-lstdc++,--end-group
Finished building target: test_edge_detection.elf
 
Invoking: ARM v7 Print Size
arm-none-eabi-size test_edge_detection.elf  |tee "test_edge_detection.elf.size"
   text	   data	    bss	    dec	    hex	filename
  93116	 199276	  90616	 383008	  5d820	test_edge_detection.elf
Finished building: test_edge_detection.elf.size
 
