14:29:23 **** Build of configuration Debug for project test_edge_detection ****
make pre-build main-build 
a9-linaro-pre-build-step
 
Building file: ../src/main.cc
Invoking: ARM v7 g++ compiler
arm-none-eabi-g++ -Wall -O0 -g3 -c -fmessage-length=0 -MT"src/main.o" -mcpu=cortex-a9 -mfpu=vfpv3 -mfloat-abi=hard -I../../test_edge_detection_bsp/ps7_cortexa9_0/include -MMD -MP -MF"src/main.d" -MT"src/main.o" -o "src/main.o" "../src/main.cc"
Finished building: ../src/main.cc
 
Building target: test_edge_detection.elf
Invoking: ARM v7 g++ linker
arm-none-eabi-g++ -mcpu=cortex-a9 -mfpu=vfpv3 -mfloat-abi=hard -Wl,-build-id=none -specs=Xilinx.spec -Wl,-T -Wl,../src/lscript.ld -L../../test_edge_detection_bsp/ps7_cortexa9_0/lib -o "test_edge_detection.elf"  ./src/main.o   -Wl,--start-group,-lxil,-lgcc,-lc,-lstdc++,--end-group
Finished building target: test_edge_detection.elf
 
Invoking: ARM v7 Print Size
arm-none-eabi-size test_edge_detection.elf  |tee "test_edge_detection.elf.size"
   text	   data	    bss	    dec	    hex	filename
  93116	 199276	  90616	 383008	  5d820	test_edge_detection.elf
Finished building: test_edge_detection.elf.size
 

14:29:26 Build Finished (took 2s.593ms)

